
> vite_react_shadcn_ts@0.0.0 test
> vitest


[1m[44m DEV [49m[22m [34mv4.0.16 [39m[90mC:/Users/ccana/Documents/augment-projects/akiva-ai-crypto[39m

 [32mΓ£ô[39m src/lib/tradingGate.test.ts [2m([22m[2m11 tests[22m[2m)[22m[32m 4[2mms[22m[39m
 [31mΓ¥»[39m src/components/dashboard/RiskGauge.test.tsx [2m([22m[2m23 tests[22m[2m | [22m[31m9 failed[39m[2m)[22m[32m 65[2mms[22m[39m
       [32mΓ£ô[39m should render with default props[32m 19[2mms[22m[39m
       [32mΓ£ô[39m should render with custom label[32m 8[2mms[22m[39m
       [32mΓ£ô[39m should render with custom max value[32m 2[2mms[22m[39m
[31m       [31m├ù[31m should display the correct value[39m[32m 6[2mms[22m[39m
[31m       [31m├ù[31m should display percentage when value is less than max[39m[32m 3[2mms[22m[39m
[31m       [31m├ù[31m should handle zero value[39m[32m 2[2mms[22m[39m
[31m       [31m├ù[31m should handle max value[39m[32m 2[2mms[22m[39m
       [32mΓ£ô[39m should use success color for low risk (< 50%)[32m 4[2mms[22m[39m
       [32mΓ£ô[39m should use warning color for medium risk (50-75%)[32m 2[2mms[22m[39m
       [32mΓ£ô[39m should use destructive color for high risk (> 75%)[32m 1[2mms[22m[39m
       [32mΓ£ô[39m should use destructive color for 100% risk[32m 1[2mms[22m[39m
       [32mΓ£ô[39m should handle value greater than max[32m 1[2mms[22m[39m
       [32mΓ£ô[39m should handle negative values gracefully[32m 1[2mms[22m[39m
       [32mΓ£ô[39m should handle very large values[32m 1[2mms[22m[39m
[31m       [31m├ù[31m should handle decimal values[39m[32m 2[2mms[22m[39m
       [32mΓ£ô[39m should apply custom className[32m 1[2mms[22m[39m
       [32mΓ£ô[39m should maintain base classes with custom className[32m 1[2mms[22m[39m
       [32mΓ£ô[39m should be accessible with label[32m 1[2mms[22m[39m
       [32mΓ£ô[39m should render without label[32m 1[2mms[22m[39m
[31m       [31m├ù[31m should calculate 0% correctly[39m[32m 1[2mms[22m[39m
[31m       [31m├ù[31m should calculate 50% correctly[39m[32m 1[2mms[22m[39m
[31m       [31m├ù[31m should calculate 100% correctly[39m[32m 2[2mms[22m[39m
[31m       [31m├ù[31m should calculate percentage with custom max[39m[32m 1[2mms[22m[39m
node.exe : ReferenceError: ResizeObserver is not defined
At C:\Program Files\nodejs\npm.ps1:29 char:3
+   & $NODE_EXE $NPM_CLI_JS $args
+   ~~~~~~~~~~~~~~~~~~~~~~~~~~~~~
    + CategoryInfo          : NotSpecified: (ReferenceError:... is  
   not defined:String) [], RemoteException
    + FullyQualifiedErrorId : NativeCommandError
 
    at file:///C:/Users/ccana/Documents/augment-projects/akiva-ai-cr
ypto/node_modules/@radix-ui/react-use-size/dist/index.mjs:9:30
    at commitHookEffectListMount (C:\Users\ccana\Documents\augment-p
rojects\akiva-ai-crypto\node_modules\react-dom\cjs\react-dom.develop
ment.js:23189:26)
    at commitLayoutEffectOnFiber (C:\Users\ccana\Documents\augment-p
rojects\akiva-ai-crypto\node_modules\react-dom\cjs\react-dom.develop
ment.js:23312:15)
    at commitLayoutMountEffects_complete (C:\Users\ccana\Documents\a
ugment-projects\akiva-ai-crypto\node_modules\react-dom\cjs\react-dom
.development.js:24727:9)
    at commitLayoutEffects_begin (C:\Users\ccana\Documents\augment-p
rojects\akiva-ai-crypto\node_modules\react-dom\cjs\react-dom.develop
ment.js:24713:7)
    at commitLayoutEffects (C:\Users\ccana\Documents\augment-project
s\akiva-ai-crypto\node_modules\react-dom\cjs\react-dom.development.j
s:24651:3)
    at commitRootImpl (C:\Users\ccana\Documents\augment-projects\aki
va-ai-crypto\node_modules\react-dom\cjs\react-dom.development.js:268
62:5)
    at commitRoot (C:\Users\ccana\Documents\augment-projects\akiva-a
i-crypto\node_modules\react-dom\cjs\react-dom.development.js:26721:5
)
    at performSyncWorkOnRoot (C:\Users\ccana\Documents\augment-proje
cts\akiva-ai-crypto\node_modules\react-dom\cjs\react-dom.development
.js:26156:3)
    at flushSyncCallbacks (C:\Users\ccana\Documents\augment-projects
\akiva-ai-crypto\node_modules\react-dom\cjs\react-dom.development.js
:12042:22)
[90mstderr[2m | src/components/trading/TradeTicket.test.tsx[2m > 
[22m[2mTradeTicket[2m > [22m[2mOrder Entry Validation[2m > 
[22m[2mshould render trade ticket with default values
[22m[39mThe above error occurred in the <ForwardRef> component:

    at file:///C:/Users/ccana/Documents/augment-projects/akiva-ai-cr
ypto/node_modules/@radix-ui/react-slider/dist/index.mjs:400:13
    at file:///C:/Users/ccana/Documents/augment-projects/akiva-ai-cr
ypto/node_modules/@radix-ui/react-slider/dist/index.mjs:388:42
    at span
    at file:///C:/Users/ccana/Documents/augment-projects/akiva-ai-cr
ypto/node_modules/@radix-ui/react-primitive/dist/index.mjs:28:13
    at file:///C:/Users/ccana/Documents/augment-projects/akiva-ai-cr
ypto/node_modules/@radix-ui/react-slider/dist/index.mjs:285:7
    at Provider (file:///C:/Users/ccana/Documents/augment-projects/a
kiva-ai-crypto/node_modules/@radix-ui/react-context/dist/index.mjs:2
7:15)
    at file:///C:/Users/ccana/Documents/augment-projects/akiva-ai-cr
ypto/node_modules/@radix-ui/react-slider/dist/index.mjs:151:7
    at file:///C:/Users/ccana/Documents/augment-projects/akiva-ai-cr
ypto/node_modules/@radix-ui/react-slot/dist/index.mjs:33:13
    at file:///C:/Users/ccana/Documents/augment-projects/akiva-ai-cr
ypto/node_modules/@radix-ui/react-slot/dist/index.mjs:9:13
    at file:///C:/Users/ccana/Documents/augment-projects/akiva-ai-cr
ypto/node_modules/@radix-ui/react-collection/dist/index.mjs:27:15
    at Provider (file:///C:/Users/ccana/Documents/augment-projects/a
kiva-ai-crypto/node_modules/@radix-ui/react-context/dist/index.mjs:2
7:15)
    at CollectionProvider (file:///C:/Users/ccana/Documents/augment-
projects/akiva-ai-crypto/node_modules/@radix-ui/react-collection/dis
t/index.mjs:17:13)
    at Provider (file:///C:/Users/ccana/Documents/augment-projects/a
kiva-ai-crypto/node_modules/@radix-ui/react-context/dist/index.mjs:2
7:15)
    at file:///C:/Users/ccana/Documents/augment-projects/akiva-ai-cr
ypto/node_modules/@radix-ui/react-slider/dist/index.mjs:33:7
    at C:/Users/ccana/Documents/augment-projects/akiva-ai-crypto/src
/components/ui/slider.tsx:10:66
    at div
    at div
    at C:/Users/ccana/Documents/augment-projects/akiva-ai-crypto/src
/components/ui/card.tsx:53:71
    at div
    at C:/Users/ccana/Documents/augment-projects/akiva-ai-crypto/src
/components/ui/card.tsx:13:64
    at TradeTicket (C:/Users/ccana/Documents/augment-projects/akiva-
ai-crypto/src/components/trading/TradeTicket.tsx:51:24)
    at QueryClientProvider (file:///C:/Users/ccana/Documents/augment
-projects/akiva-ai-crypto/node_modules/@tanstack/react-query/build/m
odern/QueryClientProvider.js:20:3)

Consider adding an error boundary to your tree to customize error 
handling behavior.
Visit https://reactjs.org/link/error-boundaries to learn more about 
error boundaries.

[90mstdout[2m | src/components/trading/TradeTicket.test.tsx[2m > [22m[2mTradeTicket[2m > [22m[2mOrder Entry Validation[2m > [22m[2mshould render trade ticket with default values
[22m[39m[WebSocket] Connecting to wss://stream.binance.com:9443/stream?streams=btcusdt@ticker...

[90mstdout[2m | src/components/trading/TradeTicket.test.tsx[2m > [22m[2mTradeTicket[2m > [22m[2mOrder Entry Validation[2m > [22m[2mshould render trade ticket with default values
[22m[39m[WebSocket] Disconnected manually

ReferenceError: ResizeObserver is not defined
    at file:///C:/Users/ccana/Documents/augment-projects/akiva-ai-cr
ypto/node_modules/@radix-ui/react-use-size/dist/index.mjs:9:30
    at commitHookEffectListMount (C:\Users\ccana\Documents\augment-p
rojects\akiva-ai-crypto\node_modules\react-dom\cjs\react-dom.develop
ment.js:23189:26)
    at commitLayoutEffectOnFiber (C:\Users\ccana\Documents\augment-p
rojects\akiva-ai-crypto\node_modules\react-dom\cjs\react-dom.develop
ment.js:23312:15)
    at commitLayoutMountEffects_complete (C:\Users\ccana\Documents\a
ugment-projects\akiva-ai-crypto\node_modules\react-dom\cjs\react-dom
.development.js:24727:9)
    at commitLayoutEffects_begin (C:\Users\ccana\Documents\augment-p
rojects\akiva-ai-crypto\node_modules\react-dom\cjs\react-dom.develop
ment.js:24713:7)
    at commitLayoutEffects (C:\Users\ccana\Documents\augment-project
s\akiva-ai-crypto\node_modules\react-dom\cjs\react-dom.development.j
s:24651:3)
    at commitRootImpl (C:\Users\ccana\Documents\augment-projects\aki
va-ai-crypto\node_modules\react-dom\cjs\react-dom.development.js:268
62:5)
    at commitRoot (C:\Users\ccana\Documents\augment-projects\akiva-a
i-crypto\node_modules\react-dom\cjs\react-dom.development.js:26721:5
)
    at performSyncWorkOnRoot (C:\Users\ccana\Documents\augment-proje
cts\akiva-ai-crypto\node_modules\react-dom\cjs\react-dom.development
.js:26156:3)
    at flushSyncCallbacks (C:\Users\ccana\Documents\augment-projects
\akiva-ai-crypto\node_modules\react-dom\cjs\react-dom.development.js
:12042:22)
[90mstdout[2m | src/components/trading/TradeTicket.test.tsx[2m > [22m[2mTradeTicket[2m > [22m[2mOrder Entry Validation[2m > [22m[2mshould require book selection before submitting
[22m[39m[WebSocket] Connecting to wss://stream.binance.com:9443/stream?streams=btcusdt@ticker...

[90mstderr[2m | src/components/trading/TradeTicket.test.tsx[2m > 
[22m[2mTradeTicket[2m > [22m[2mOrder Entry Validation[2m > 
[22m[2mshould require book selection before submitting
[22m[39mThe above error occurred in the <ForwardRef> component:

    at file:///C:/Users/ccana/Documents/augment-projects/akiva-ai-cr
ypto/node_modules/@radix-ui/react-slider/dist/index.mjs:400:13
    at file:///C:/Users/ccana/Documents/augment-projects/akiva-ai-cr
ypto/node_modules/@radix-ui/react-slider/dist/index.mjs:388:42
    at span
    at file:///C:/Users/ccana/Documents/augment-projects/akiva-ai-cr
ypto/node_modules/@radix-ui/react-primitive/dist/index.mjs:28:13
    at file:///C:/Users/ccana/Documents/augment-projects/akiva-ai-cr
ypto/node_modules/@radix-ui/react-slider/dist/index.mjs:285:7
    at Provider (file:///C:/Users/ccana/Documents/augment-projects/a
kiva-ai-crypto/node_modules/@radix-ui/react-context/dist/index.mjs:2
7:15)
    at file:///C:/Users/ccana/Documents/augment-projects/akiva-ai-cr
ypto/node_modules/@radix-ui/react-slider/dist/index.mjs:151:7
    at file:///C:/Users/ccana/Documents/augment-projects/akiva-ai-cr
ypto/node_modules/@radix-ui/react-slot/dist/index.mjs:33:13
    at file:///C:/Users/ccana/Documents/augment-projects/akiva-ai-cr
ypto/node_modules/@radix-ui/react-slot/dist/index.mjs:9:13
    at file:///C:/Users/ccana/Documents/augment-projects/akiva-ai-cr
ypto/node_modules/@radix-ui/react-collection/dist/index.mjs:27:15
    at Provider (file:///C:/Users/ccana/Documents/augment-projects/a
kiva-ai-crypto/node_modules/@radix-ui/react-context/dist/index.mjs:2
7:15)
    at CollectionProvider (file:///C:/Users/ccana/Documents/augment-
projects/akiva-ai-crypto/node_modules/@radix-ui/react-collection/dis
t/index.mjs:17:13)
    at Provider (file:///C:/Users/ccana/Documents/augment-projects/a
kiva-ai-crypto/node_modules/@radix-ui/react-context/dist/index.mjs:2
7:15)
    at file:///C:/Users/ccana/Documents/augment-projects/akiva-ai-cr
ypto/node_modules/@radix-ui/react-slider/dist/index.mjs:33:7
    at C:/Users/ccana/Documents/augment-projects/akiva-ai-crypto/src
/components/ui/slider.tsx:10:66
    at div
    at div
    at C:/Users/ccana/Documents/augment-projects/akiva-ai-crypto/src
/components/ui/card.tsx:53:71
    at div
    at C:/Users/ccana/Documents/augment-projects/akiva-ai-crypto/src
/components/ui/card.tsx:13:64
    at TradeTicket (C:/Users/ccana/Documents/augment-projects/akiva-
ai-crypto/src/components/trading/TradeTicket.tsx:51:24)
    at QueryClientProvider (file:///C:/Users/ccana/Documents/augment
-projects/akiva-ai-crypto/node_modules/@tanstack/react-query/build/m
odern/QueryClientProvider.js:20:3)

Consider adding an error boundary to your tree to customize error 
handling behavior.
Visit https://reactjs.org/link/error-boundaries to learn more about 
error boundaries.

[90mstdout[2m | src/components/trading/TradeTicket.test.tsx[2m > [22m[2mTradeTicket[2m > [22m[2mOrder Entry Validation[2m > [22m[2mshould require book selection before submitting
[22m[39m[WebSocket] Disconnected manually

ReferenceError: ResizeObserver is not defined
    at file:///C:/Users/ccana/Documents/augment-projects/akiva-ai-cr
ypto/node_modules/@radix-ui/react-use-size/dist/index.mjs:9:30
    at commitHookEffectListMount (C:\Users\ccana\Documents\augment-p
rojects\akiva-ai-crypto\node_modules\react-dom\cjs\react-dom.develop
ment.js:23189:26)
    at commitLayoutEffectOnFiber (C:\Users\ccana\Documents\augment-p
rojects\akiva-ai-crypto\node_modules\react-dom\cjs\react-dom.develop
ment.js:23312:15)
    at commitLayoutMountEffects_complete (C:\Users\ccana\Documents\a
ugment-projects\akiva-ai-crypto\node_modules\react-dom\cjs\react-dom
.development.js:24727:9)
    at commitLayoutEffects_begin (C:\Users\ccana\Documents\augment-p
rojects\akiva-ai-crypto\node_modules\react-dom\cjs\react-dom.develop
ment.js:24713:7)
    at commitLayoutEffects (C:\Users\ccana\Documents\augment-project
s\akiva-ai-crypto\node_modules\react-dom\cjs\react-dom.development.j
s:24651:3)
    at commitRootImpl (C:\Users\ccana\Documents\augment-projects\aki
va-ai-crypto\node_modules\react-dom\cjs\react-dom.development.js:268
62:5)
    at commitRoot (C:\Users\ccana\Documents\augment-projects\akiva-a
i-crypto\node_modules\react-dom\cjs\react-dom.development.js:26721:5
)
    at performSyncWorkOnRoot (C:\Users\ccana\Documents\augment-proje
cts\akiva-ai-crypto\node_modules\react-dom\cjs\react-dom.development
.js:26156:3)
    at flushSyncCallbacks (C:\Users\ccana\Documents\augment-projects
\akiva-ai-crypto\node_modules\react-dom\cjs\react-dom.development.js
:12042:22)
[90mstdout[2m | src/components/trading/TradeTicket.test.tsx[2m > [22m[2mTradeTicket[2m > [22m[2mOrder Entry Validation[2m > [22m[2mshould require positive size
[22m[39m[WebSocket] Connecting to wss://stream.binance.com:9443/stream?streams=btcusdt@ticker...

[90mstderr[2m | src/components/trading/TradeTicket.test.tsx[2m > 
[22m[2mTradeTicket[2m > [22m[2mOrder Entry Validation[2m > 
[22m[2mshould require positive size
[22m[39mThe above error occurred in the <ForwardRef> component:

    at file:///C:/Users/ccana/Documents/augment-projects/akiva-ai-cr
ypto/node_modules/@radix-ui/react-slider/dist/index.mjs:400:13
    at file:///C:/Users/ccana/Documents/augment-projects/akiva-ai-cr
ypto/node_modules/@radix-ui/react-slider/dist/index.mjs:388:42
    at span
    at file:///C:/Users/ccana/Documents/augment-projects/akiva-ai-cr
ypto/node_modules/@radix-ui/react-primitive/dist/index.mjs:28:13
    at file:///C:/Users/ccana/Documents/augment-projects/akiva-ai-cr
ypto/node_modules/@radix-ui/react-slider/dist/index.mjs:285:7
    at Provider (file:///C:/Users/ccana/Documents/augment-projects/a
kiva-ai-crypto/node_modules/@radix-ui/react-context/dist/index.mjs:2
7:15)
    at file:///C:/Users/ccana/Documents/augment-projects/akiva-ai-cr
ypto/node_modules/@radix-ui/react-slider/dist/index.mjs:151:7
    at file:///C:/Users/ccana/Documents/augment-projects/akiva-ai-cr
ypto/node_modules/@radix-ui/react-slot/dist/index.mjs:33:13
    at file:///C:/Users/ccana/Documents/augment-projects/akiva-ai-cr
ypto/node_modules/@radix-ui/react-slot/dist/index.mjs:9:13
    at file:///C:/Users/ccana/Documents/augment-projects/akiva-ai-cr
ypto/node_modules/@radix-ui/react-collection/dist/index.mjs:27:15
    at Provider (file:///C:/Users/ccana/Documents/augment-projects/a
kiva-ai-crypto/node_modules/@radix-ui/react-context/dist/index.mjs:2
7:15)
    at CollectionProvider (file:///C:/Users/ccana/Documents/augment-
projects/akiva-ai-crypto/node_modules/@radix-ui/react-collection/dis
t/index.mjs:17:13)
    at Provider (file:///C:/Users/ccana/Documents/augment-projects/a
kiva-ai-crypto/node_modules/@radix-ui/react-context/dist/index.mjs:2
7:15)
    at file:///C:/Users/ccana/Documents/augment-projects/akiva-ai-cr
ypto/node_modules/@radix-ui/react-slider/dist/index.mjs:33:7
    at C:/Users/ccana/Documents/augment-projects/akiva-ai-crypto/src
/components/ui/slider.tsx:10:66
    at div
    at div
    at C:/Users/ccana/Documents/augment-projects/akiva-ai-crypto/src
/components/ui/card.tsx:53:71
    at div
    at C:/Users/ccana/Documents/augment-projects/akiva-ai-crypto/src
/components/ui/card.tsx:13:64
    at TradeTicket (C:/Users/ccana/Documents/augment-projects/akiva-
ai-crypto/src/components/trading/TradeTicket.tsx:51:24)
    at QueryClientProvider (file:///C:/Users/ccana/Documents/augment
-projects/akiva-ai-crypto/node_modules/@tanstack/react-query/build/m
odern/QueryClientProvider.js:20:3)

Consider adding an error boundary to your tree to customize error 
handling behavior.
Visit https://reactjs.org/link/error-boundaries to learn more about 
error boundaries.

[90mstdout[2m | src/components/trading/TradeTicket.test.tsx[2m > [22m[2mTradeTicket[2m > [22m[2mOrder Entry Validation[2m > [22m[2mshould require positive size
[22m[39m[WebSocket] Disconnected manually

ReferenceError: ResizeObserver is not defined
    at file:///C:/Users/ccana/Documents/augment-projects/akiva-ai-cr
ypto/node_modules/@radix-ui/react-use-size/dist/index.mjs:9:30
    at commitHookEffectListMount (C:\Users\ccana\Documents\augment-p
rojects\akiva-ai-crypto\node_modules\react-dom\cjs\react-dom.develop
ment.js:23189:26)
    at commitLayoutEffectOnFiber (C:\Users\ccana\Documents\augment-p
rojects\akiva-ai-crypto\node_modules\react-dom\cjs\react-dom.develop
ment.js:23312:15)
    at commitLayoutMountEffects_complete (C:\Users\ccana\Documents\a
ugment-projects\akiva-ai-crypto\node_modules\react-dom\cjs\react-dom
.development.js:24727:9)
    at commitLayoutEffects_begin (C:\Users\ccana\Documents\augment-p
rojects\akiva-ai-crypto\node_modules\react-dom\cjs\react-dom.develop
ment.js:24713:7)
    at commitLayoutEffects (C:\Users\ccana\Documents\augment-project
s\akiva-ai-crypto\node_modules\react-dom\cjs\react-dom.development.j
s:24651:3)
    at commitRootImpl (C:\Users\ccana\Documents\augment-projects\aki
va-ai-crypto\node_modules\react-dom\cjs\react-dom.development.js:268
62:5)
    at commitRoot (C:\Users\ccana\Documents\augment-projects\akiva-a
i-crypto\node_modules\react-dom\cjs\react-dom.development.js:26721:5
)
    at performSyncWorkOnRoot (C:\Users\ccana\Documents\augment-proje
cts\akiva-ai-crypto\node_modules\react-dom\cjs\react-dom.development
.js:26156:3)
[90mstdout[2m | src/components/trading/TradeTicket.test.tsx[2m > [22m[2mTradeTicket[2m > [22m[2mOrder Entry Validation[2m > [22m[2mshould require price for limit orders
[22m[39m[WebSocket] Connecting to wss://stream.binance.com:9443/stream?streams=btcusdt@ticker...

[90mstdout[2m | src/components/trading/TradeTicket.test.tsx[2m > [22m[2mTradeTicket[2m > [22m[2mOrder Entry Validation[2m > [22m[2mshould require price for limit orders
[22m[39m[WebSocket] Disconnected manually

    at flushSyncCallbacks (C:\Users\ccana\Documents\augment-projects
\akiva-ai-crypto\node_modules\react-dom\cjs\react-dom.development.js
:12042:22)
[90mstderr[2m | src/components/trading/TradeTicket.test.tsx[2m > 
[22m[2mTradeTicket[2m > [22m[2mOrder Entry Validation[2m > 
[22m[2mshould require price for limit orders
[22m[39mThe above error occurred in the <ForwardRef> component:

    at file:///C:/Users/ccana/Documents/augment-projects/akiva-ai-cr
ypto/node_modules/@radix-ui/react-slider/dist/index.mjs:400:13
    at file:///C:/Users/ccana/Documents/augment-projects/akiva-ai-cr
ypto/node_modules/@radix-ui/react-slider/dist/index.mjs:388:42
    at span
    at file:///C:/Users/ccana/Documents/augment-projects/akiva-ai-cr
ypto/node_modules/@radix-ui/react-primitive/dist/index.mjs:28:13
    at file:///C:/Users/ccana/Documents/augment-projects/akiva-ai-cr
ypto/node_modules/@radix-ui/react-slider/dist/index.mjs:285:7
    at Provider (file:///C:/Users/ccana/Documents/augment-projects/a
kiva-ai-crypto/node_modules/@radix-ui/react-context/dist/index.mjs:2
7:15)
    at file:///C:/Users/ccana/Documents/augment-projects/akiva-ai-cr
ypto/node_modules/@radix-ui/react-slider/dist/index.mjs:151:7
    at file:///C:/Users/ccana/Documents/augment-projects/akiva-ai-cr
ypto/node_modules/@radix-ui/react-slot/dist/index.mjs:33:13
    at file:///C:/Users/ccana/Documents/augment-projects/akiva-ai-cr
ypto/node_modules/@radix-ui/react-slot/dist/index.mjs:9:13
    at file:///C:/Users/ccana/Documents/augment-projects/akiva-ai-cr
ypto/node_modules/@radix-ui/react-collection/dist/index.mjs:27:15
    at Provider (file:///C:/Users/ccana/Documents/augment-projects/a
kiva-ai-crypto/node_modules/@radix-ui/react-context/dist/index.mjs:2
7:15)
    at CollectionProvider (file:///C:/Users/ccana/Documents/augment-
projects/akiva-ai-crypto/node_modules/@radix-ui/react-collection/dis
t/index.mjs:17:13)
    at Provider (file:///C:/Users/ccana/Documents/augment-projects/a
kiva-ai-crypto/node_modules/@radix-ui/react-context/dist/index.mjs:2
7:15)
    at file:///C:/Users/ccana/Documents/augment-projects/akiva-ai-cr
ypto/node_modules/@radix-ui/react-slider/dist/index.mjs:33:7
    at C:/Users/ccana/Documents/augment-projects/akiva-ai-crypto/src
/components/ui/slider.tsx:10:66
    at div
    at div
    at C:/Users/ccana/Documents/augment-projects/akiva-ai-crypto/src
/components/ui/card.tsx:53:71
    at div
[90mstdout[2m | src/components/trading/TradeTicket.test.tsx[2m > [22m[2mTradeTicket[2m > [22m[2mOrder Submission[2m > [22m[2mshould submit market order successfully
[22m[39m[WebSocket] Connecting to wss://stream.binance.com:9443/stream?streams=btcusdt@ticker...

[90mstdout[2m | src/components/trading/TradeTicket.test.tsx[2m > [22m[2mTradeTicket[2m > [22m[2mOrder Submission[2m > [22m[2mshould submit market order successfully
    at C:/Users/ccana/Documents/augment-projects/akiva-ai-crypto/src
/components/ui/card.tsx:13:64
    at TradeTicket (C:/Users/ccana/Documents/augment-projects/akiva-
ai-crypto/src/components/trading/TradeTicket.tsx:51:24)
    at QueryClientProvider (file:///C:/Users/ccana/Documents/augment
-projects/akiva-ai-crypto/node_modules/@tanstack/react-query/build/m
odern/QueryClientProvider.js:20:3)

Consider adding an error boundary to your tree to customize error 
handling behavior.
Visit https://reactjs.org/link/error-boundaries to learn more about 
error boundaries.

ReferenceError: ResizeObserver is not defined
    at file:///C:/Users/ccana/Documents/augment-projects/akiva-ai-cr
ypto/node_modules/@radix-ui/react-use-size/dist/index.mjs:9:30
    at commitHookEffectListMount (C:\Users\ccana\Documents\augment-p
rojects\akiva-ai-crypto\node_modules\react-dom\cjs\react-dom.develop
ment.js:23189:26)
    at commitLayoutEffectOnFiber (C:\Users\ccana\Documents\augment-p
rojects\akiva-ai-crypto\node_modules\react-dom\cjs\react-dom.develop
ment.js:23312:15)
    at commitLayoutMountEffects_complete (C:\Users\ccana\Documents\a
ugment-projects\akiva-ai-crypto\node_modules\react-dom\cjs\react-dom
.development.js:24727:9)
    at commitLayoutEffects_begin (C:\Users\ccana\Documents\augment-p
rojects\akiva-ai-crypto\node_modules\react-dom\cjs\react-dom.develop
ment.js:24713:7)
    at commitLayoutEffects (C:\Users\ccana\Documents\augment-project
s\akiva-ai-crypto\node_modules\react-dom\cjs\react-dom.development.j
s:24651:3)
    at commitRootImpl (C:\Users\ccana\Documents\augment-projects\aki
va-ai-crypto\node_modules\react-dom\cjs\react-dom.development.js:268
62:5)
[22m[39m[WebSocket] Disconnected manually

    at commitRoot (C:\Users\ccana\Documents\augment-projects\akiva-a
i-crypto\node_modules\react-dom\cjs\react-dom.development.js:26721:5
)
    at performSyncWorkOnRoot (C:\Users\ccana\Documents\augment-proje
cts\akiva-ai-crypto\node_modules\react-dom\cjs\react-dom.development
.js:26156:3)
    at flushSyncCallbacks (C:\Users\ccana\Documents\augment-projects
\akiva-ai-crypto\node_modules\react-dom\cjs\react-dom.development.js
:12042:22)
[90mstderr[2m | src/components/trading/TradeTicket.test.tsx[2m > 
[22m[2mTradeTicket[2m > [22m[2mOrder Submission[2m > 
[22m[2mshould submit market order successfully
[22m[39mThe above error occurred in the <ForwardRef> component:

    at file:///C:/Users/ccana/Documents/augment-projects/akiva-ai-cr
ypto/node_modules/@radix-ui/react-slider/dist/index.mjs:400:13
    at file:///C:/Users/ccana/Documents/augment-projects/akiva-ai-cr
ypto/node_modules/@radix-ui/react-slider/dist/index.mjs:388:42
    at span
    at file:///C:/Users/ccana/Documents/augment-projects/akiva-ai-cr
ypto/node_modules/@radix-ui/react-primitive/dist/index.mjs:28:13
    at file:///C:/Users/ccana/Documents/augment-projects/akiva-ai-cr
ypto/node_modules/@radix-ui/react-slider/dist/index.mjs:285:7
    at Provider (file:///C:/Users/ccana/Documents/augment-projects/a
kiva-ai-crypto/node_modules/@radix-ui/react-context/dist/index.mjs:2
7:15)
    at file:///C:/Users/ccana/Documents/augment-projects/akiva-ai-cr
ypto/node_modules/@radix-ui/react-slider/dist/index.mjs:151:7
    at file:///C:/Users/ccana/Documents/augment-projects/akiva-ai-cr
ypto/node_modules/@radix-ui/react-slot/dist/index.mjs:33:13
    at file:///C:/Users/ccana/Documents/augment-projects/akiva-ai-cr
ypto/node_modules/@radix-ui/react-slot/dist/index.mjs:9:13
    at file:///C:/Users/ccana/Documents/augment-projects/akiva-ai-cr
ypto/node_modules/@radix-ui/react-collection/dist/index.mjs:27:15
[90mstdout[2m | src/components/trading/TradeTicket.test.tsx[2m > [22m[2mTradeTicket[2m > [22m[2mOrder Submission[2m > [22m[2mshould submit limit order with price
[22m[39m[WebSocket] Connecting to wss://stream.binance.com:9443/stream?streams=btcusdt@ticker...

    at Provider (file:///C:/Users/ccana/Documents/augment-projects/a
kiva-ai-crypto/node_modules/@radix-ui/react-context/dist/index.mjs:2
7:15)
    at CollectionProvider (file:///C:/Users/ccana/Documents/augment-
projects/akiva-ai-crypto/node_modules/@radix-ui/react-collection/dis
t/index.mjs:17:13)
    at Provider (file:///C:/Users/ccana/Documents/augment-projects/a
kiva-ai-crypto/node_modules/@radix-ui/react-context/dist/index.mjs:2
7:15)
    at file:///C:/Users/ccana/Documents/augment-projects/akiva-ai-cr
ypto/node_modules/@radix-ui/react-slider/dist/index.mjs:33:7
    at C:/Users/ccana/Documents/augment-projects/akiva-ai-crypto/src
/components/ui/slider.tsx:10:66
    at div
    at div
    at C:/Users/ccana/Documents/augment-projects/akiva-ai-crypto/src
/components/ui/card.tsx:53:71
    at div
    at C:/Users/ccana/Documents/augment-projects/akiva-ai-crypto/src
/components/ui/card.tsx:13:64
    at TradeTicket (C:/Users/ccana/Documents/augment-projects/akiva-
ai-crypto/src/components/trading/TradeTicket.tsx:51:24)
    at QueryClientProvider (file:///C:/Users/ccana/Documents/augment
-projects/akiva-ai-crypto/node_modules/@tanstack/react-query/build/m
odern/QueryClientProvider.js:20:3)

Consider adding an error boundary to your tree to customize error 
handling behavior.
Visit https://reactjs.org/link/error-boundaries to learn more about 
error boundaries.

ReferenceError: ResizeObserver is not defined
    at file:///C:/Users/ccana/Documents/augment-projects/akiva-ai-cr
ypto/node_modules/@radix-ui/react-use-size/dist/index.mjs:9:30
    at commitHookEffectListMount (C:\Users\ccana\Documents\augment-p
rojects\akiva-ai-crypto\node_modules\react-dom\cjs\react-dom.develop
ment.js:23189:26)
    at commitLayoutEffectOnFiber (C:\Users\ccana\Documents\augment-p
rojects\akiva-ai-crypto\node_modules\react-dom\cjs\react-dom.develop
ment.js:23312:15)
    at commitLayoutMountEffects_complete (C:\Users\ccana\Documents\a
ugment-projects\akiva-ai-crypto\node_modules\react-dom\cjs\react-dom
.development.js:24727:9)
    at commitLayoutEffects_begin (C:\Users\ccana\Documents\augment-p
rojects\akiva-ai-crypto\node_modules\react-dom\cjs\react-dom.develop
ment.js:24713:7)
    at commitLayoutEffects (C:\Users\ccana\Documents\augment-project
s\akiva-ai-crypto\node_modules\react-dom\cjs\react-dom.development.j
s:24651:3)
    at commitRootImpl (C:\Users\ccana\Documents\augment-projects\aki
va-ai-crypto\node_modules\react-dom\cjs\react-dom.development.js:268
62:5)
    at commitRoot (C:\Users\ccana\Documents\augment-projects\akiva-a
i-crypto\node_modules\react-dom\cjs\react-dom.development.js:26721:5
)
    at performSyncWorkOnRoot (C:\Users\ccana\Documents\augment-proje
cts\akiva-ai-crypto\node_modules\react-dom\cjs\react-dom.development
.js:26156:3)
    at flushSyncCallbacks (C:\Users\ccana\Documents\augment-projects
\akiva-ai-crypto\node_modules\react-dom\cjs\react-dom.development.js
:12042:22)
ReferenceError: ResizeObserver is not defined
    at file:///C:/Users/ccana/Documents/augment-projects/akiva-ai-cr
ypto/node_modules/@radix-ui/react-use-size/dist/index.mjs:9:30
    at commitHookEffectListMount (C:\Users\ccana\Documents\augment-p
rojects\akiva-ai-crypto\node_modules\react-dom\cjs\react-dom.develop
ment.js:23189:26)
    at commitLayoutEffectOnFiber (C:\Users\ccana\Documents\augment-p
rojects\akiva-ai-crypto\node_modules\react-dom\cjs\react-dom.develop
ment.js:23312:15)
    at commitLayoutMountEffects_complete (C:\Users\ccana\Documents\a
ugment-projects\akiva-ai-crypto\node_modules\react-dom\cjs\react-dom
.development.js:24727:9)
    at commitLayoutEffects_begin (C:\Users\ccana\Documents\augment-p
rojects\akiva-ai-crypto\node_modules\react-dom\cjs\react-dom.develop
ment.js:24713:7)
    at commitLayoutEffects (C:\Users\ccana\Documents\augment-project
s\akiva-ai-crypto\node_modules\react-dom\cjs\react-dom.development.j
s:24651:3)
[90mstdout[2m | src/components/trading/TradeTicket.test.tsx[2m > [22m[2mTradeTicket[2m > [22m[2mOrder Submission[2m > [22m[2mshould submit limit order with price
[22m[39m[WebSocket] Disconnected manually

[90mstdout[2m | src/components/trading/TradeTicket.test.tsx[2m > [22m[2mTradeTicket[2m > [22m[2mOrder Submission[2m > [22m[2mshould handle sell orders
[22m[39m[WebSocket] Connecting to wss://stream.binance.com:9443/stream?streams=btcusdt@ticker...

    at commitRootImpl (C:\Users\ccana\Documents\augment-projects\aki
va-ai-crypto\node_modules\react-dom\cjs\react-dom.development.js:268
62:5)
    at commitRoot (C:\Users\ccana\Documents\augment-projects\akiva-a
i-crypto\node_modules\react-dom\cjs\react-dom.development.js:26721:5
)
    at performSyncWorkOnRoot (C:\Users\ccana\Documents\augment-proje
cts\akiva-ai-crypto\node_modules\react-dom\cjs\react-dom.development
.js:26156:3)
    at flushSyncCallbacks (C:\Users\ccana\Documents\augment-projects
\akiva-ai-crypto\node_modules\react-dom\cjs\react-dom.development.js
:12042:22)
ReferenceError: ResizeObserver is not defined
    at file:///C:/Users/ccana/Documents/augment-projects/akiva-ai-cr
ypto/node_modules/@radix-ui/react-use-size/dist/index.mjs:9:30
    at commitHookEffectListMount (C:\Users\ccana\Documents\augment-p
rojects\akiva-ai-crypto\node_modules\react-dom\cjs\react-dom.develop
ment.js:23189:26)
    at commitLayoutEffectOnFiber (C:\Users\ccana\Documents\augment-p
rojects\akiva-ai-crypto\node_modules\react-dom\cjs\react-dom.develop
ment.js:23312:15)
    at commitLayoutMountEffects_complete (C:\Users\ccana\Documents\a
ugment-projects\akiva-ai-crypto\node_modules\react-dom\cjs\react-dom
.development.js:24727:9)
    at commitLayoutEffects_begin (C:\Users\ccana\Documents\augment-p
rojects\akiva-ai-crypto\node_modules\react-dom\cjs\react-dom.develop
ment.js:24713:7)
    at commitLayoutEffects (C:\Users\ccana\Documents\augment-project
s\akiva-ai-crypto\node_modules\react-dom\cjs\react-dom.development.j
s:24651:3)
    at commitRootImpl (C:\Users\ccana\Documents\augment-projects\aki
va-ai-crypto\node_modules\react-dom\cjs\react-dom.development.js:268
62:5)
    at commitRoot (C:\Users\ccana\Documents\augment-projects\akiva-a
i-crypto\node_modules\react-dom\cjs\react-dom.development.js:26721:5
)
    at performSyncWorkOnRoot (C:\Users\ccana\Documents\augment-proje
cts\akiva-ai-crypto\node_modules\react-dom\cjs\react-dom.development
.js:26156:3)
    at flushSyncCallbacks (C:\Users\ccana\Documents\augment-projects
\akiva-ai-crypto\node_modules\react-dom\cjs\react-dom.development.js
:12042:22)
[90mstderr[2m | src/components/trading/TradeTicket.test.tsx[2m > 
[22m[2mTradeTicket[2m > [22m[2mOrder Submission[2m > 
[22m[2mshould submit limit order with price
[22m[39mThe above error occurred in the <ForwardRef> component:

    at file:///C:/Users/ccana/Documents/augment-projects/akiva-ai-cr
ypto/node_modules/@radix-ui/react-slider/dist/index.mjs:400:13
    at file:///C:/Users/ccana/Documents/augment-projects/akiva-ai-cr
ypto/node_modules/@radix-ui/react-slider/dist/index.mjs:388:42
    at span
    at file:///C:/Users/ccana/Documents/augment-projects/akiva-ai-cr
ypto/node_modules/@radix-ui/react-primitive/dist/index.mjs:28:13
    at file:///C:/Users/ccana/Documents/augment-projects/akiva-ai-cr
ypto/node_modules/@radix-ui/react-slider/dist/index.mjs:285:7
    at Provider (file:///C:/Users/ccana/Documents/augment-projects/a
kiva-ai-crypto/node_modules/@radix-ui/react-context/dist/index.mjs:2
7:15)
    at file:///C:/Users/ccana/Documents/augment-projects/akiva-ai-cr
ypto/node_modules/@radix-ui/react-slider/dist/index.mjs:151:7
    at file:///C:/Users/ccana/Documents/augment-projects/akiva-ai-cr
ypto/node_modules/@radix-ui/react-slot/dist/index.mjs:33:13
    at file:///C:/Users/ccana/Documents/augment-projects/akiva-ai-cr
ypto/node_modules/@radix-ui/react-slot/dist/index.mjs:9:13
    at file:///C:/Users/ccana/Documents/augment-projects/akiva-ai-cr
ypto/node_modules/@radix-ui/react-collection/dist/index.mjs:27:15
    at Provider (file:///C:/Users/ccana/Documents/augment-projects/a
kiva-ai-crypto/node_modules/@radix-ui/react-context/dist/index.mjs:2
7:15)
    at CollectionProvider (file:///C:/Users/ccana/Documents/augment-
projects/akiva-ai-crypto/node_modules/@radix-ui/react-collection/dis
t/index.mjs:17:13)
    at Provider (file:///C:/Users/ccana/Documents/augment-projects/a
kiva-ai-crypto/node_modules/@radix-ui/react-context/dist/index.mjs:2
7:15)
    at file:///C:/Users/ccana/Documents/augment-projects/akiva-ai-cr
ypto/node_modules/@radix-ui/react-slider/dist/index.mjs:33:7
    at C:/Users/ccana/Documents/augment-projects/akiva-ai-crypto/src
/components/ui/slider.tsx:10:66
    at div
    at div
    at C:/Users/ccana/Documents/augment-projects/akiva-ai-crypto/src
/components/ui/card.tsx:53:71
    at div
    at C:/Users/ccana/Documents/augment-projects/akiva-ai-crypto/src
/components/ui/card.tsx:13:64
    at TradeTicket (C:/Users/ccana/Documents/augment-projects/akiva-
ai-crypto/src/components/trading/TradeTicket.tsx:51:24)
    at QueryClientProvider (file:///C:/Users/ccana/Documents/augment
-projects/akiva-ai-crypto/node_modules/@tanstack/react-query/build/m
odern/QueryClientProvider.js:20:3)

Consider adding an error boundary to your tree to customize error 
handling behavior.
[90mstdout[2m | src/components/trading/TradeTicket.test.tsx[2m > [22m[2mTradeTicket[2m > [22m[2mOrder Submission[2m > [22m[2mshould handle sell orders
[22m[39m[WebSocket] Disconnected manually

[90mstdout[2m | src/components/trading/TradeTicket.test.tsx[2m > [22m[2mTradeTicket[2m > [22m[2mRisk Warnings[2m > [22m[2mshould show warning when risk exceeds limit
[22m[39m[WebSocket] Connecting to wss://stream.binance.com:9443/stream?streams=btcusdt@ticker...

[90mstdout[2m | src/components/trading/TradeTicket.test.tsx[2m > [22m[2mTradeTicket[2m > [22m[2mRisk Warnings[2m > [22m[2mshould show warning when risk exceeds limit
[22m[39m[WebSocket] Disconnected manually

[90mstdout[2m | src/components/trading/TradeTicket.test.tsx
[22m[39m[WebSocket] Closed: 1006 - 
[LivePriceFeed] Disconnected from Binance WebSocket

[90mstdout[2m | src/components/trading/TradeTicket.test.tsx
[22m[39m[WebSocket] Closed: 1006 - 
[LivePriceFeed] Disconnected from Binance WebSocket

[90mstdout[2m | src/components/trading/TradeTicket.test.tsx
[22m[39m[WebSocket] Closed: 1006 - 
[LivePriceFeed] Disconnected from Binance WebSocket

Visit https://reactjs.org/link/error-boundaries to learn more about 
error boundaries.

[90mstderr[2m | src/components/trading/TradeTicket.test.tsx[2m > 
[22m[2mTradeTicket[2m > [22m[2mOrder Submission[2m > 
[22m[2mshould handle sell orders
[22m[39mThe above error occurred in the <ForwardRef> component:

    at file:///C:/Users/ccana/Documents/augment-projects/akiva-ai-cr
ypto/node_modules/@radix-ui/react-slider/dist/index.mjs:400:13
    at file:///C:/Users/ccana/Documents/augment-projects/akiva-ai-cr
ypto/node_modules/@radix-ui/react-slider/dist/index.mjs:388:42
    at span
    at file:///C:/Users/ccana/Documents/augment-projects/akiva-ai-cr
ypto/node_modules/@radix-ui/react-primitive/dist/index.mjs:28:13
    at file:///C:/Users/ccana/Documents/augment-projects/akiva-ai-cr
ypto/node_modules/@radix-ui/react-slider/dist/index.mjs:285:7
    at Provider (file:///C:/Users/ccana/Documents/augment-projects/a
kiva-ai-crypto/node_modules/@radix-ui/react-context/dist/index.mjs:2
7:15)
    at file:///C:/Users/ccana/Documents/augment-projects/akiva-ai-cr
ypto/node_modules/@radix-ui/react-slider/dist/index.mjs:151:7
    at file:///C:/Users/ccana/Documents/augment-projects/akiva-ai-cr
ypto/node_modules/@radix-ui/react-slot/dist/index.mjs:33:13
    at file:///C:/Users/ccana/Documents/augment-projects/akiva-ai-cr
ypto/node_modules/@radix-ui/react-slot/dist/index.mjs:9:13
    at file:///C:/Users/ccana/Documents/augment-projects/akiva-ai-cr
ypto/node_modules/@radix-ui/react-collection/dist/index.mjs:27:15
    at Provider (file:///C:/Users/ccana/Documents/augment-projects/a
kiva-ai-crypto/node_modules/@radix-ui/react-context/dist/index.mjs:2
7:15)
    at CollectionProvider (file:///C:/Users/ccana/Documents/augment-
projects/akiva-ai-crypto/node_modules/@radix-ui/react-collection/dis
t/index.mjs:17:13)
    at Provider (file:///C:/Users/ccana/Documents/augment-projects/a
kiva-ai-crypto/node_modules/@radix-ui/react-context/dist/index.mjs:2
7:15)
    at file:///C:/Users/ccana/Documents/augment-projects/akiva-ai-cr
ypto/node_modules/@radix-ui/react-slider/dist/index.mjs:33:7
    at C:/Users/ccana/Documents/augment-projects/akiva-ai-crypto/src
/components/ui/slider.tsx:10:66
    at div
    at div
    at C:/Users/ccana/Documents/augment-projects/akiva-ai-crypto/src
/components/ui/card.tsx:53:71
    at div
    at C:/Users/ccana/Documents/augment-projects/akiva-ai-crypto/src
/components/ui/card.tsx:13:64
    at TradeTicket (C:/Users/ccana/Documents/augment-projects/akiva-
ai-crypto/src/components/trading/TradeTicket.tsx:51:24)
    at QueryClientProvider (file:///C:/Users/ccana/Documents/augment
-projects/akiva-ai-crypto/node_modules/@tanstack/react-query/build/m
odern/QueryClientProvider.js:20:3)

Consider adding an error boundary to your tree to customize error 
handling behavior.
Visit https://reactjs.org/link/error-boundaries to learn more about 
error boundaries.

[90mstderr[2m | src/components/trading/TradeTicket.test.tsx[2m > 
[22m[2mTradeTicket[2m > [22m[2mRisk Warnings[2m > 
[22m[2mshould show warning when risk exceeds limit
[22m[39mThe above error occurred in the <ForwardRef> component:

    at file:///C:/Users/ccana/Documents/augment-projects/akiva-ai-cr
ypto/node_modules/@radix-ui/react-slider/dist/index.mjs:400:13
    at file:///C:/Users/ccana/Documents/augment-projects/akiva-ai-cr
ypto/node_modules/@radix-ui/react-slider/dist/index.mjs:388:42
[90mstdout[2m | src/components/trading/TradeTicket.test.tsx
[22m[39m[WebSocket] Closed: 1006 - 
[LivePriceFeed] Disconnected from Binance WebSocket

[90mstdout[2m | src/components/trading/TradeTicket.test.tsx
[22m[39m[WebSocket] Closed: 1006 - 
[LivePriceFeed] Disconnected from Binance WebSocket

[90mstdout[2m | src/components/trading/TradeTicket.test.tsx
[22m[39m[WebSocket] Closed: 1006 - 
[LivePriceFeed] Disconnected from Binance WebSocket

[90mstdout[2m | src/components/trading/TradeTicket.test.tsx
[22m[39m[WebSocket] Closed: 1006 - 
[LivePriceFeed] Disconnected from Binance WebSocket

[90mstdout[2m | src/components/trading/TradeTicket.test.tsx
    at span
    at file:///C:/Users/ccana/Documents/augment-projects/akiva-ai-cr
ypto/node_modules/@radix-ui/react-primitive/dist/index.mjs:28:13
    at file:///C:/Users/ccana/Documents/augment-projects/akiva-ai-cr
ypto/node_modules/@radix-ui/react-slider/dist/index.mjs:285:7
    at Provider (file:///C:/Users/ccana/Documents/augment-projects/a
kiva-ai-crypto/node_modules/@radix-ui/react-context/dist/index.mjs:2
7:15)
    at file:///C:/Users/ccana/Documents/augment-projects/akiva-ai-cr
ypto/node_modules/@radix-ui/react-slider/dist/index.mjs:151:7
    at file:///C:/Users/ccana/Documents/augment-projects/akiva-ai-cr
ypto/node_modules/@radix-ui/react-slot/dist/index.mjs:33:13
    at file:///C:/Users/ccana/Documents/augment-projects/akiva-ai-cr
ypto/node_modules/@radix-ui/react-slot/dist/index.mjs:9:13
    at file:///C:/Users/ccana/Documents/augment-projects/akiva-ai-cr
ypto/node_modules/@radix-ui/react-collection/dist/index.mjs:27:15
    at Provider (file:///C:/Users/ccana/Documents/augment-projects/a
kiva-ai-crypto/node_modules/@radix-ui/react-context/dist/index.mjs:2
7:15)
    at CollectionProvider (file:///C:/Users/ccana/Documents/augment-
projects/akiva-ai-crypto/node_modules/@radix-ui/react-collection/dis
t/index.mjs:17:13)
    at Provider (file:///C:/Users/ccana/Documents/augment-projects/a
kiva-ai-crypto/node_modules/@radix-ui/react-context/dist/index.mjs:2
7:15)
    at file:///C:/Users/ccana/Documents/augment-projects/akiva-ai-cr
ypto/node_modules/@radix-ui/react-slider/dist/index.mjs:33:7
    at C:/Users/ccana/Documents/augment-projects/akiva-ai-crypto/src
/components/ui/slider.tsx:10:66
    at div
    at div
    at C:/Users/ccana/Documents/augment-projects/akiva-ai-crypto/src
/components/ui/card.tsx:53:71
    at div
    at C:/Users/ccana/Documents/augment-projects/akiva-ai-crypto/src
/components/ui/card.tsx:13:64
    at TradeTicket (C:/Users/ccana/Documents/augment-projects/akiva-
ai-crypto/src/components/trading/TradeTicket.tsx:51:24)
    at QueryClientProvider (file:///C:/Users/ccana/Documents/augment
-projects/akiva-ai-crypto/node_modules/@tanstack/react-query/build/m
odern/QueryClientProvider.js:20:3)
[22m[39m[WebSocket] Closed: 1006 - 
[LivePriceFeed] Disconnected from Binance WebSocket

 [31mΓ¥»[39m src/components/trading/TradeTicket.test.tsx [2m([22m[2m8 tests[22m[2m | [22m[31m8 failed[39m[2m)[22m[32m 234[2mms[22m[39m
[31m       [31m├ù[31m should render trade ticket with default values[39m[32m 116[2mms[22m[39m
[31m       [31m├ù[31m should require book selection before submitting[39m[32m 19[2mms[22m[39m
[31m       [31m├ù[31m should require positive size[39m[32m 16[2mms[22m[39m
[31m       [31m├ù[31m should require price for limit orders[39m[32m 16[2mms[22m[39m
[31m       [31m├ù[31m should submit market order successfully[39m[32m 12[2mms[22m[39m
[31m       [31m├ù[31m should submit limit order with price[39m[32m 13[2mms[22m[39m
[31m       [31m├ù[31m should handle sell orders[39m[32m 14[2mms[22m[39m
[31m       [31m├ù[31m should show warning when risk exceeds limit[39m[32m 18[2mms[22m[39m
[90mstdout[2m | fetchPricesREST (C:\Users\ccana\Documents\augment-projects\akiva-ai-crypto\src\hooks\useLivePriceFeed.ts:84:15)
[22m[39m[LivePriceFeed] Proxy fetched 1 prices from coingecko in 81ms


Consider adding an error boundary to your tree to customize error 
handling behavior.
Visit https://reactjs.org/link/error-boundaries to learn more about 
error boundaries.

[90mstderr[2m | src/components/trading/TradeTicket.test.tsx
[22m[39m[WebSocket] Error: Event { isTrusted: [36m[Getter][39m }

[90mstderr[2m | src/components/trading/TradeTicket.test.tsx
[22m[39m[WebSocket] Error: Event { isTrusted: [36m[Getter][39m }

[90mstderr[2m | src/components/trading/TradeTicket.test.tsx
[22m[39m[WebSocket] Error: Event { isTrusted: [36m[Getter][39m }

[90mstderr[2m | src/components/trading/TradeTicket.test.tsx
[22m[39m[WebSocket] Error: Event { isTrusted: [36m[Getter][39m }

[90mstderr[2m | src/components/trading/TradeTicket.test.tsx
[22m[39m[WebSocket] Error: Event { isTrusted: [36m[Getter][39m }

[90mstderr[2m | src/components/trading/TradeTicket.test.tsx
[22m[39m[WebSocket] Error: Event { isTrusted: [36m[Getter][39m }

[90mstderr[2m | src/components/trading/TradeTicket.test.tsx
[22m[39m[WebSocket] Error: Event { isTrusted: [36m[Getter][39m }

[90mstderr[2m | src/components/trading/TradeTicket.test.tsx
[22m[39m[WebSocket] Error: Event { isTrusted: [36m[Getter][39m }

Error: useAICopilot must be used within AICopilotProvider
    at useAICopilot (C:/Users/ccana/Documents/augment-projects/akiva
-ai-crypto/src/contexts/AICopilotContext.tsx:29:11)
    at MainLayout (C:/Users/ccana/Documents/augment-projects/akiva-a
i-crypto/src/components/layout/MainLayout.tsx:15:30)
    at renderWithHooks (C:\Users\ccana\Documents\augment-projects\ak
iva-ai-crypto\node_modules\react-dom\cjs\react-dom.development.js:15
486:18)
    at mountIndeterminateComponent (C:\Users\ccana\Documents\augment
-projects\akiva-ai-crypto\node_modules\react-dom\cjs\react-dom.devel
opment.js:20103:13)
    at beginWork (C:\Users\ccana\Documents\augment-projects\akiva-ai
-crypto\node_modules\react-dom\cjs\react-dom.development.js:21626:16
)
    at HTMLUnknownElement.callCallback (C:\Users\ccana\Documents\aug
ment-projects\akiva-ai-crypto\node_modules\react-dom\cjs\react-dom.d
evelopment.js:4164:14)
    at HTMLUnknownElement.callTheUserObjectsOperation (C:\Users\ccan
a\Documents\augment-projects\akiva-ai-crypto\node_modules\jsdom\lib\
jsdom\living\generated\EventListener.js:26:30)
    at innerInvokeEventListeners (C:\Users\ccana\Documents\augment-p
rojects\akiva-ai-crypto\node_modules\jsdom\lib\jsdom\living\events\E
ventTarget-impl.js:360:16)
    at invokeEventListeners (C:\Users\ccana\Documents\augment-projec
ts\akiva-ai-crypto\node_modules\jsdom\lib\jsdom\living\events\EventT
arget-impl.js:296:3)
    at HTMLUnknownElementImpl._dispatch (C:\Users\ccana\Documents\au
gment-projects\akiva-ai-crypto\node_modules\jsdom\lib\jsdom\living\e
vents\EventTarget-impl.js:243:9)
Error: useAICopilot must be used within AICopilotProvider
    at useAICopilot (C:/Users/ccana/Documents/augment-projects/akiva
-ai-crypto/src/contexts/AICopilotContext.tsx:29:11)
    at MainLayout (C:/Users/ccana/Documents/augment-projects/akiva-a
i-crypto/src/components/layout/MainLayout.tsx:15:30)
    at renderWithHooks (C:\Users\ccana\Documents\augment-projects\ak
iva-ai-crypto\node_modules\react-dom\cjs\react-dom.development.js:15
486:18)
    at mountIndeterminateComponent (C:\Users\ccana\Documents\augment
-projects\akiva-ai-crypto\node_modules\react-dom\cjs\react-dom.devel
opment.js:20103:13)
    at beginWork (C:\Users\ccana\Documents\augment-projects\akiva-ai
-crypto\node_modules\react-dom\cjs\react-dom.development.js:21626:16
)
    at HTMLUnknownElement.callCallback (C:\Users\ccana\Documents\aug
ment-projects\akiva-ai-crypto\node_modules\react-dom\cjs\react-dom.d
evelopment.js:4164:14)
    at HTMLUnknownElement.callTheUserObjectsOperation (C:\Users\ccan
a\Documents\augment-projects\akiva-ai-crypto\node_modules\jsdom\lib\
jsdom\living\generated\EventListener.js:26:30)
    at innerInvokeEventListeners (C:\Users\ccana\Documents\augment-p
rojects\akiva-ai-crypto\node_modules\jsdom\lib\jsdom\living\events\E
ventTarget-impl.js:360:16)
    at invokeEventListeners (C:\Users\ccana\Documents\augment-projec
ts\akiva-ai-crypto\node_modules\jsdom\lib\jsdom\living\events\EventT
arget-impl.js:296:3)
    at HTMLUnknownElementImpl._dispatch (C:\Users\ccana\Documents\au
gment-projects\akiva-ai-crypto\node_modules\jsdom\lib\jsdom\living\e
vents\EventTarget-impl.js:243:9)
[90mstderr[2m | 
src/components/risk/AdvancedRiskDashboard.test.tsx[2m > 
[22m[2mAdvancedRiskDashboard[2m > [22m[2mBook Selection[2m > 
[22m[2mshould render book selector
[22m[39mThe above error occurred in the <MainLayout> component:

    at MainLayout (C:/Users/ccana/Documents/augment-projects/akiva-a
i-crypto/src/components/layout/MainLayout.tsx:16:23)
    at AdvancedRiskDashboard (C:/Users/ccana/Documents/augment-proje
cts/akiva-ai-crypto/src/components/risk/AdvancedRiskDashboard.tsx:92
:83)
    at QueryClientProvider (file:///C:/Users/ccana/Documents/augment
-projects/akiva-ai-crypto/node_modules/@tanstack/react-query/build/m
odern/QueryClientProvider.js:20:3)

Consider adding an error boundary to your tree to customize error 
handling behavior.
Visit https://reactjs.org/link/error-boundaries to learn more about 
error boundaries.

Error: useAICopilot must be used within AICopilotProvider
    at useAICopilot (C:/Users/ccana/Documents/augment-projects/akiva
-ai-crypto/src/contexts/AICopilotContext.tsx:29:11)
    at MainLayout (C:/Users/ccana/Documents/augment-projects/akiva-a
i-crypto/src/components/layout/MainLayout.tsx:15:30)
    at renderWithHooks (C:\Users\ccana\Documents\augment-projects\ak
iva-ai-crypto\node_modules\react-dom\cjs\react-dom.development.js:15
486:18)
    at mountIndeterminateComponent (C:\Users\ccana\Documents\augment
-projects\akiva-ai-crypto\node_modules\react-dom\cjs\react-dom.devel
opment.js:20103:13)
    at beginWork (C:\Users\ccana\Documents\augment-projects\akiva-ai
-crypto\node_modules\react-dom\cjs\react-dom.development.js:21626:16
)
    at HTMLUnknownElement.callCallback (C:\Users\ccana\Documents\aug
ment-projects\akiva-ai-crypto\node_modules\react-dom\cjs\react-dom.d
evelopment.js:4164:14)
    at HTMLUnknownElement.callTheUserObjectsOperation (C:\Users\ccan
a\Documents\augment-projects\akiva-ai-crypto\node_modules\jsdom\lib\
jsdom\living\generated\EventListener.js:26:30)
    at innerInvokeEventListeners (C:\Users\ccana\Documents\augment-p
rojects\akiva-ai-crypto\node_modules\jsdom\lib\jsdom\living\events\E
ventTarget-impl.js:360:16)
    at invokeEventListeners (C:\Users\ccana\Documents\augment-projec
ts\akiva-ai-crypto\node_modules\jsdom\lib\jsdom\living\events\EventT
arget-impl.js:296:3)
    at HTMLUnknownElementImpl._dispatch (C:\Users\ccana\Documents\au
gment-projects\akiva-ai-crypto\node_modules\jsdom\lib\jsdom\living\e
vents\EventTarget-impl.js:243:9)
Error: useAICopilot must be used within AICopilotProvider
    at useAICopilot (C:/Users/ccana/Documents/augment-projects/akiva
-ai-crypto/src/contexts/AICopilotContext.tsx:29:11)
    at MainLayout (C:/Users/ccana/Documents/augment-projects/akiva-a
i-crypto/src/components/layout/MainLayout.tsx:15:30)
    at renderWithHooks (C:\Users\ccana\Documents\augment-projects\ak
iva-ai-crypto\node_modules\react-dom\cjs\react-dom.development.js:15
486:18)
    at mountIndeterminateComponent (C:\Users\ccana\Documents\augment
-projects\akiva-ai-crypto\node_modules\react-dom\cjs\react-dom.devel
opment.js:20103:13)
    at beginWork (C:\Users\ccana\Documents\augment-projects\akiva-ai
-crypto\node_modules\react-dom\cjs\react-dom.development.js:21626:16
)
    at HTMLUnknownElement.callCallback (C:\Users\ccana\Documents\aug
ment-projects\akiva-ai-crypto\node_modules\react-dom\cjs\react-dom.d
evelopment.js:4164:14)
    at HTMLUnknownElement.callTheUserObjectsOperation (C:\Users\ccan
a\Documents\augment-projects\akiva-ai-crypto\node_modules\jsdom\lib\
jsdom\living\generated\EventListener.js:26:30)
    at innerInvokeEventListeners (C:\Users\ccana\Documents\augment-p
rojects\akiva-ai-crypto\node_modules\jsdom\lib\jsdom\living\events\E
ventTarget-impl.js:360:16)
    at invokeEventListeners (C:\Users\ccana\Documents\augment-projec
ts\akiva-ai-crypto\node_modules\jsdom\lib\jsdom\living\events\EventT
arget-impl.js:296:3)
    at HTMLUnknownElementImpl._dispatch (C:\Users\ccana\Documents\au
gment-projects\akiva-ai-crypto\node_modules\jsdom\lib\jsdom\living\e
vents\EventTarget-impl.js:243:9)
[90mstderr[2m | 
src/components/risk/AdvancedRiskDashboard.test.tsx[2m > 
[22m[2mAdvancedRiskDashboard[2m > [22m[2mBook Selection[2m > 
[22m[2mshould show available books
[22m[39mThe above error occurred in the <MainLayout> component:

    at MainLayout (C:/Users/ccana/Documents/augment-projects/akiva-a
i-crypto/src/components/layout/MainLayout.tsx:16:23)
    at AdvancedRiskDashboard (C:/Users/ccana/Documents/augment-proje
cts/akiva-ai-crypto/src/components/risk/AdvancedRiskDashboard.tsx:92
:83)
    at QueryClientProvider (file:///C:/Users/ccana/Documents/augment
-projects/akiva-ai-crypto/node_modules/@tanstack/react-query/build/m
odern/QueryClientProvider.js:20:3)

Consider adding an error boundary to your tree to customize error 
handling behavior.
Visit https://reactjs.org/link/error-boundaries to learn more about 
error boundaries.

Error: useAICopilot must be used within AICopilotProvider
    at useAICopilot (C:/Users/ccana/Documents/augment-projects/akiva
-ai-crypto/src/contexts/AICopilotContext.tsx:29:11)
    at MainLayout (C:/Users/ccana/Documents/augment-projects/akiva-a
i-crypto/src/components/layout/MainLayout.tsx:15:30)
    at renderWithHooks (C:\Users\ccana\Documents\augment-projects\ak
iva-ai-crypto\node_modules\react-dom\cjs\react-dom.development.js:15
486:18)
    at mountIndeterminateComponent (C:\Users\ccana\Documents\augment
-projects\akiva-ai-crypto\node_modules\react-dom\cjs\react-dom.devel
opment.js:20103:13)
    at beginWork (C:\Users\ccana\Documents\augment-projects\akiva-ai
-crypto\node_modules\react-dom\cjs\react-dom.development.js:21626:16
)
    at HTMLUnknownElement.callCallback (C:\Users\ccana\Documents\aug
ment-projects\akiva-ai-crypto\node_modules\react-dom\cjs\react-dom.d
evelopment.js:4164:14)
    at HTMLUnknownElement.callTheUserObjectsOperation (C:\Users\ccan
a\Documents\augment-projects\akiva-ai-crypto\node_modules\jsdom\lib\
jsdom\living\generated\EventListener.js:26:30)
    at innerInvokeEventListeners (C:\Users\ccana\Documents\augment-p
rojects\akiva-ai-crypto\node_modules\jsdom\lib\jsdom\living\events\E
ventTarget-impl.js:360:16)
    at invokeEventListeners (C:\Users\ccana\Documents\augment-projec
ts\akiva-ai-crypto\node_modules\jsdom\lib\jsdom\living\events\EventT
arget-impl.js:296:3)
    at HTMLUnknownElementImpl._dispatch (C:\Users\ccana\Documents\au
gment-projects\akiva-ai-crypto\node_modules\jsdom\lib\jsdom\living\e
vents\EventTarget-impl.js:243:9)
Error: useAICopilot must be used within AICopilotProvider
    at useAICopilot (C:/Users/ccana/Documents/augment-projects/akiva
-ai-crypto/src/contexts/AICopilotContext.tsx:29:11)
    at MainLayout (C:/Users/ccana/Documents/augment-projects/akiva-a
i-crypto/src/components/layout/MainLayout.tsx:15:30)
    at renderWithHooks (C:\Users\ccana\Documents\augment-projects\ak
iva-ai-crypto\node_modules\react-dom\cjs\react-dom.development.js:15
486:18)
    at mountIndeterminateComponent (C:\Users\ccana\Documents\augment
-projects\akiva-ai-crypto\node_modules\react-dom\cjs\react-dom.devel
opment.js:20103:13)
    at beginWork (C:\Users\ccana\Documents\augment-projects\akiva-ai
-crypto\node_modules\react-dom\cjs\react-dom.development.js:21626:16
)
    at HTMLUnknownElement.callCallback (C:\Users\ccana\Documents\aug
ment-projects\akiva-ai-crypto\node_modules\react-dom\cjs\react-dom.d
evelopment.js:4164:14)
    at HTMLUnknownElement.callTheUserObjectsOperation (C:\Users\ccan
a\Documents\augment-projects\akiva-ai-crypto\node_modules\jsdom\lib\
jsdom\living\generated\EventListener.js:26:30)
    at innerInvokeEventListeners (C:\Users\ccana\Documents\augment-p
rojects\akiva-ai-crypto\node_modules\jsdom\lib\jsdom\living\events\E
ventTarget-impl.js:360:16)
    at invokeEventListeners (C:\Users\ccana\Documents\augment-projec
ts\akiva-ai-crypto\node_modules\jsdom\lib\jsdom\living\events\EventT
arget-impl.js:296:3)
    at HTMLUnknownElementImpl._dispatch (C:\Users\ccana\Documents\au
gment-projects\akiva-ai-crypto\node_modules\jsdom\lib\jsdom\living\e
vents\EventTarget-impl.js:243:9)
[90mstderr[2m | 
src/components/risk/AdvancedRiskDashboard.test.tsx[2m > 
[22m[2mAdvancedRiskDashboard[2m > [22m[2mBook Selection[2m > 
[22m[2mshould select default book on load
[22m[39mThe above error occurred in the <MainLayout> component:

    at MainLayout (C:/Users/ccana/Documents/augment-projects/akiva-a
i-crypto/src/components/layout/MainLayout.tsx:16:23)
    at AdvancedRiskDashboard (C:/Users/ccana/Documents/augment-proje
cts/akiva-ai-crypto/src/components/risk/AdvancedRiskDashboard.tsx:92
:83)
    at QueryClientProvider (file:///C:/Users/ccana/Documents/augment
-projects/akiva-ai-crypto/node_modules/@tanstack/react-query/build/m
odern/QueryClientProvider.js:20:3)

Consider adding an error boundary to your tree to customize error 
handling behavior.
Visit https://reactjs.org/link/error-boundaries to learn more about 
error boundaries.

Error: useAICopilot must be used within AICopilotProvider
    at useAICopilot (C:/Users/ccana/Documents/augment-projects/akiva
-ai-crypto/src/contexts/AICopilotContext.tsx:29:11)
    at MainLayout (C:/Users/ccana/Documents/augment-projects/akiva-a
i-crypto/src/components/layout/MainLayout.tsx:15:30)
    at renderWithHooks (C:\Users\ccana\Documents\augment-projects\ak
iva-ai-crypto\node_modules\react-dom\cjs\react-dom.development.js:15
486:18)
    at mountIndeterminateComponent (C:\Users\ccana\Documents\augment
-projects\akiva-ai-crypto\node_modules\react-dom\cjs\react-dom.devel
opment.js:20103:13)
    at beginWork (C:\Users\ccana\Documents\augment-projects\akiva-ai
-crypto\node_modules\react-dom\cjs\react-dom.development.js:21626:16
)
    at HTMLUnknownElement.callCallback (C:\Users\ccana\Documents\aug
ment-projects\akiva-ai-crypto\node_modules\react-dom\cjs\react-dom.d
evelopment.js:4164:14)
    at HTMLUnknownElement.callTheUserObjectsOperation (C:\Users\ccan
a\Documents\augment-projects\akiva-ai-crypto\node_modules\jsdom\lib\
jsdom\living\generated\EventListener.js:26:30)
    at innerInvokeEventListeners (C:\Users\ccana\Documents\augment-p
rojects\akiva-ai-crypto\node_modules\jsdom\lib\jsdom\living\events\E
ventTarget-impl.js:360:16)
    at invokeEventListeners (C:\Users\ccana\Documents\augment-projec
ts\akiva-ai-crypto\node_modules\jsdom\lib\jsdom\living\events\EventT
arget-impl.js:296:3)
    at HTMLUnknownElementImpl._dispatch (C:\Users\ccana\Documents\au
gment-projects\akiva-ai-crypto\node_modules\jsdom\lib\jsdom\living\e
vents\EventTarget-impl.js:243:9)
Error: useAICopilot must be used within AICopilotProvider
    at useAICopilot (C:/Users/ccana/Documents/augment-projects/akiva
-ai-crypto/src/contexts/AICopilotContext.tsx:29:11)
    at MainLayout (C:/Users/ccana/Documents/augment-projects/akiva-a
i-crypto/src/components/layout/MainLayout.tsx:15:30)
    at renderWithHooks (C:\Users\ccana\Documents\augment-projects\ak
iva-ai-crypto\node_modules\react-dom\cjs\react-dom.development.js:15
486:18)
    at mountIndeterminateComponent (C:\Users\ccana\Documents\augment
-projects\akiva-ai-crypto\node_modules\react-dom\cjs\react-dom.devel
opment.js:20103:13)
    at beginWork (C:\Users\ccana\Documents\augment-projects\akiva-ai
-crypto\node_modules\react-dom\cjs\react-dom.development.js:21626:16
)
    at HTMLUnknownElement.callCallback (C:\Users\ccana\Documents\aug
ment-projects\akiva-ai-crypto\node_modules\react-dom\cjs\react-dom.d
evelopment.js:4164:14)
    at HTMLUnknownElement.callTheUserObjectsOperation (C:\Users\ccan
a\Documents\augment-projects\akiva-ai-crypto\node_modules\jsdom\lib\
jsdom\living\generated\EventListener.js:26:30)
    at innerInvokeEventListeners (C:\Users\ccana\Documents\augment-p
rojects\akiva-ai-crypto\node_modules\jsdom\lib\jsdom\living\events\E
ventTarget-impl.js:360:16)
    at invokeEventListeners (C:\Users\ccana\Documents\augment-projec
ts\akiva-ai-crypto\node_modules\jsdom\lib\jsdom\living\events\EventT
arget-impl.js:296:3)
    at HTMLUnknownElementImpl._dispatch (C:\Users\ccana\Documents\au
gment-projects\akiva-ai-crypto\node_modules\jsdom\lib\jsdom\living\e
vents\EventTarget-impl.js:243:9)
[90mstderr[2m | 
src/components/risk/AdvancedRiskDashboard.test.tsx[2m > 
[22m[2mAdvancedRiskDashboard[2m > [22m[2mVaR Display[2m > 
[22m[2mshould show VaR metrics
[22m[39mThe above error occurred in the <MainLayout> component:

    at MainLayout (C:/Users/ccana/Documents/augment-projects/akiva-a
i-crypto/src/components/layout/MainLayout.tsx:16:23)
    at AdvancedRiskDashboard (C:/Users/ccana/Documents/augment-proje
cts/akiva-ai-crypto/src/components/risk/AdvancedRiskDashboard.tsx:92
:83)
    at QueryClientProvider (file:///C:/Users/ccana/Documents/augment
-projects/akiva-ai-crypto/node_modules/@tanstack/react-query/build/m
odern/QueryClientProvider.js:20:3)

Consider adding an error boundary to your tree to customize error 
handling behavior.
Visit https://reactjs.org/link/error-boundaries to learn more about 
error boundaries.

Error: useAICopilot must be used within AICopilotProvider
    at useAICopilot (C:/Users/ccana/Documents/augment-projects/akiva
-ai-crypto/src/contexts/AICopilotContext.tsx:29:11)
    at MainLayout (C:/Users/ccana/Documents/augment-projects/akiva-a
i-crypto/src/components/layout/MainLayout.tsx:15:30)
    at renderWithHooks (C:\Users\ccana\Documents\augment-projects\ak
iva-ai-crypto\node_modules\react-dom\cjs\react-dom.development.js:15
486:18)
    at mountIndeterminateComponent (C:\Users\ccana\Documents\augment
-projects\akiva-ai-crypto\node_modules\react-dom\cjs\react-dom.devel
opment.js:20103:13)
    at beginWork (C:\Users\ccana\Documents\augment-projects\akiva-ai
-crypto\node_modules\react-dom\cjs\react-dom.development.js:21626:16
)
    at HTMLUnknownElement.callCallback (C:\Users\ccana\Documents\aug
ment-projects\akiva-ai-crypto\node_modules\react-dom\cjs\react-dom.d
evelopment.js:4164:14)
    at HTMLUnknownElement.callTheUserObjectsOperation (C:\Users\ccan
a\Documents\augment-projects\akiva-ai-crypto\node_modules\jsdom\lib\
jsdom\living\generated\EventListener.js:26:30)
    at innerInvokeEventListeners (C:\Users\ccana\Documents\augment-p
rojects\akiva-ai-crypto\node_modules\jsdom\lib\jsdom\living\events\E
ventTarget-impl.js:360:16)
    at invokeEventListeners (C:\Users\ccana\Documents\augment-projec
ts\akiva-ai-crypto\node_modules\jsdom\lib\jsdom\living\events\EventT
arget-impl.js:296:3)
    at HTMLUnknownElementImpl._dispatch (C:\Users\ccana\Documents\au
gment-projects\akiva-ai-crypto\node_modules\jsdom\lib\jsdom\living\e
vents\EventTarget-impl.js:243:9)
Error: useAICopilot must be used within AICopilotProvider
    at useAICopilot (C:/Users/ccana/Documents/augment-projects/akiva
-ai-crypto/src/contexts/AICopilotContext.tsx:29:11)
    at MainLayout (C:/Users/ccana/Documents/augment-projects/akiva-a
i-crypto/src/components/layout/MainLayout.tsx:15:30)
    at renderWithHooks (C:\Users\ccana\Documents\augment-projects\ak
iva-ai-crypto\node_modules\react-dom\cjs\react-dom.development.js:15
486:18)
    at mountIndeterminateComponent (C:\Users\ccana\Documents\augment
-projects\akiva-ai-crypto\node_modules\react-dom\cjs\react-dom.devel
opment.js:20103:13)
    at beginWork (C:\Users\ccana\Documents\augment-projects\akiva-ai
-crypto\node_modules\react-dom\cjs\react-dom.development.js:21626:16
)
    at HTMLUnknownElement.callCallback (C:\Users\ccana\Documents\aug
ment-projects\akiva-ai-crypto\node_modules\react-dom\cjs\react-dom.d
evelopment.js:4164:14)
    at HTMLUnknownElement.callTheUserObjectsOperation (C:\Users\ccan
a\Documents\augment-projects\akiva-ai-crypto\node_modules\jsdom\lib\
jsdom\living\generated\EventListener.js:26:30)
    at innerInvokeEventListeners (C:\Users\ccana\Documents\augment-p
rojects\akiva-ai-crypto\node_modules\jsdom\lib\jsdom\living\events\E
ventTarget-impl.js:360:16)
    at invokeEventListeners (C:\Users\ccana\Documents\augment-projec
ts\akiva-ai-crypto\node_modules\jsdom\lib\jsdom\living\events\EventT
arget-impl.js:296:3)
    at HTMLUnknownElementImpl._dispatch (C:\Users\ccana\Documents\au
gment-projects\akiva-ai-crypto\node_modules\jsdom\lib\jsdom\living\e
vents\EventTarget-impl.js:243:9)
[90mstderr[2m | 
src/components/risk/AdvancedRiskDashboard.test.tsx[2m > 
[22m[2mAdvancedRiskDashboard[2m > [22m[2mVaR Display[2m > 
[22m[2mshould display VaR value
[22m[39mThe above error occurred in the <MainLayout> component:

    at MainLayout (C:/Users/ccana/Documents/augment-projects/akiva-a
i-crypto/src/components/layout/MainLayout.tsx:16:23)
    at AdvancedRiskDashboard (C:/Users/ccana/Documents/augment-proje
cts/akiva-ai-crypto/src/components/risk/AdvancedRiskDashboard.tsx:92
:83)
    at QueryClientProvider (file:///C:/Users/ccana/Documents/augment
-projects/akiva-ai-crypto/node_modules/@tanstack/react-query/build/m
odern/QueryClientProvider.js:20:3)

Consider adding an error boundary to your tree to customize error 
handling behavior.
Visit https://reactjs.org/link/error-boundaries to learn more about 
error boundaries.

Error: useAICopilot must be used within AICopilotProvider
    at useAICopilot (C:/Users/ccana/Documents/augment-projects/akiva
-ai-crypto/src/contexts/AICopilotContext.tsx:29:11)
    at MainLayout (C:/Users/ccana/Documents/augment-projects/akiva-a
i-crypto/src/components/layout/MainLayout.tsx:15:30)
    at renderWithHooks (C:\Users\ccana\Documents\augment-projects\ak
iva-ai-crypto\node_modules\react-dom\cjs\react-dom.development.js:15
486:18)
    at mountIndeterminateComponent (C:\Users\ccana\Documents\augment
-projects\akiva-ai-crypto\node_modules\react-dom\cjs\react-dom.devel
opment.js:20103:13)
    at beginWork (C:\Users\ccana\Documents\augment-projects\akiva-ai
-crypto\node_modules\react-dom\cjs\react-dom.development.js:21626:16
)
    at HTMLUnknownElement.callCallback (C:\Users\ccana\Documents\aug
ment-projects\akiva-ai-crypto\node_modules\react-dom\cjs\react-dom.d
evelopment.js:4164:14)
    at HTMLUnknownElement.callTheUserObjectsOperation (C:\Users\ccan
a\Documents\augment-projects\akiva-ai-crypto\node_modules\jsdom\lib\
jsdom\living\generated\EventListener.js:26:30)
    at innerInvokeEventListeners (C:\Users\ccana\Documents\augment-p
rojects\akiva-ai-crypto\node_modules\jsdom\lib\jsdom\living\events\E
ventTarget-impl.js:360:16)
    at invokeEventListeners (C:\Users\ccana\Documents\augment-projec
ts\akiva-ai-crypto\node_modules\jsdom\lib\jsdom\living\events\EventT
arget-impl.js:296:3)
    at HTMLUnknownElementImpl._dispatch (C:\Users\ccana\Documents\au
gment-projects\akiva-ai-crypto\node_modules\jsdom\lib\jsdom\living\e
vents\EventTarget-impl.js:243:9)
Error: useAICopilot must be used within AICopilotProvider
    at useAICopilot (C:/Users/ccana/Documents/augment-projects/akiva
-ai-crypto/src/contexts/AICopilotContext.tsx:29:11)
    at MainLayout (C:/Users/ccana/Documents/augment-projects/akiva-a
i-crypto/src/components/layout/MainLayout.tsx:15:30)
    at renderWithHooks (C:\Users\ccana\Documents\augment-projects\ak
iva-ai-crypto\node_modules\react-dom\cjs\react-dom.development.js:15
486:18)
    at mountIndeterminateComponent (C:\Users\ccana\Documents\augment
-projects\akiva-ai-crypto\node_modules\react-dom\cjs\react-dom.devel
opment.js:20103:13)
    at beginWork (C:\Users\ccana\Documents\augment-projects\akiva-ai
-crypto\node_modules\react-dom\cjs\react-dom.development.js:21626:16
)
    at HTMLUnknownElement.callCallback (C:\Users\ccana\Documents\aug
ment-projects\akiva-ai-crypto\node_modules\react-dom\cjs\react-dom.d
evelopment.js:4164:14)
    at HTMLUnknownElement.callTheUserObjectsOperation (C:\Users\ccan
a\Documents\augment-projects\akiva-ai-crypto\node_modules\jsdom\lib\
jsdom\living\generated\EventListener.js:26:30)
    at innerInvokeEventListeners (C:\Users\ccana\Documents\augment-p
rojects\akiva-ai-crypto\node_modules\jsdom\lib\jsdom\living\events\E
ventTarget-impl.js:360:16)
    at invokeEventListeners (C:\Users\ccana\Documents\augment-projec
ts\akiva-ai-crypto\node_modules\jsdom\lib\jsdom\living\events\EventT
arget-impl.js:296:3)
    at HTMLUnknownElementImpl._dispatch (C:\Users\ccana\Documents\au
gment-projects\akiva-ai-crypto\node_modules\jsdom\lib\jsdom\living\e
vents\EventTarget-impl.js:243:9)
[90mstderr[2m | 
src/components/risk/AdvancedRiskDashboard.test.tsx[2m > 
[22m[2mAdvancedRiskDashboard[2m > [22m[2mVaR Display[2m > 
[22m[2mshould show loading state while fetching VaR
[22m[39mThe above error occurred in the <MainLayout> component:

    at MainLayout (C:/Users/ccana/Documents/augment-projects/akiva-a
i-crypto/src/components/layout/MainLayout.tsx:16:23)
    at AdvancedRiskDashboard (C:/Users/ccana/Documents/augment-proje
cts/akiva-ai-crypto/src/components/risk/AdvancedRiskDashboard.tsx:92
:83)
    at QueryClientProvider (file:///C:/Users/ccana/Documents/augment
-projects/akiva-ai-crypto/node_modules/@tanstack/react-query/build/m
odern/QueryClientProvider.js:20:3)

Consider adding an error boundary to your tree to customize error 
handling behavior.
Visit https://reactjs.org/link/error-boundaries to learn more about 
error boundaries.

Error: useAICopilot must be used within AICopilotProvider
    at useAICopilot (C:/Users/ccana/Documents/augment-projects/akiva
-ai-crypto/src/contexts/AICopilotContext.tsx:29:11)
    at MainLayout (C:/Users/ccana/Documents/augment-projects/akiva-a
i-crypto/src/components/layout/MainLayout.tsx:15:30)
    at renderWithHooks (C:\Users\ccana\Documents\augment-projects\ak
iva-ai-crypto\node_modules\react-dom\cjs\react-dom.development.js:15
486:18)
    at mountIndeterminateComponent (C:\Users\ccana\Documents\augment
-projects\akiva-ai-crypto\node_modules\react-dom\cjs\react-dom.devel
opment.js:20103:13)
    at beginWork (C:\Users\ccana\Documents\augment-projects\akiva-ai
-crypto\node_modules\react-dom\cjs\react-dom.development.js:21626:16
)
    at HTMLUnknownElement.callCallback (C:\Users\ccana\Documents\aug
ment-projects\akiva-ai-crypto\node_modules\react-dom\cjs\react-dom.d
evelopment.js:4164:14)
    at HTMLUnknownElement.callTheUserObjectsOperation (C:\Users\ccan
a\Documents\augment-projects\akiva-ai-crypto\node_modules\jsdom\lib\
jsdom\living\generated\EventListener.js:26:30)
    at innerInvokeEventListeners (C:\Users\ccana\Documents\augment-p
rojects\akiva-ai-crypto\node_modules\jsdom\lib\jsdom\living\events\E
ventTarget-impl.js:360:16)
    at invokeEventListeners (C:\Users\ccana\Documents\augment-projec
ts\akiva-ai-crypto\node_modules\jsdom\lib\jsdom\living\events\EventT
arget-impl.js:296:3)
    at HTMLUnknownElementImpl._dispatch (C:\Users\ccana\Documents\au
gment-projects\akiva-ai-crypto\node_modules\jsdom\lib\jsdom\living\e
vents\EventTarget-impl.js:243:9)
Error: useAICopilot must be used within AICopilotProvider
    at useAICopilot (C:/Users/ccana/Documents/augment-projects/akiva
-ai-crypto/src/contexts/AICopilotContext.tsx:29:11)
    at MainLayout (C:/Users/ccana/Documents/augment-projects/akiva-a
i-crypto/src/components/layout/MainLayout.tsx:15:30)
    at renderWithHooks (C:\Users\ccana\Documents\augment-projects\ak
iva-ai-crypto\node_modules\react-dom\cjs\react-dom.development.js:15
486:18)
    at mountIndeterminateComponent (C:\Users\ccana\Documents\augment
-projects\akiva-ai-crypto\node_modules\react-dom\cjs\react-dom.devel
opment.js:20103:13)
    at beginWork (C:\Users\ccana\Documents\augment-projects\akiva-ai
-crypto\node_modules\react-dom\cjs\react-dom.development.js:21626:16
)
    at HTMLUnknownElement.callCallback (C:\Users\ccana\Documents\aug
ment-projects\akiva-ai-crypto\node_modules\react-dom\cjs\react-dom.d
evelopment.js:4164:14)
    at HTMLUnknownElement.callTheUserObjectsOperation (C:\Users\ccan
a\Documents\augment-projects\akiva-ai-crypto\node_modules\jsdom\lib\
jsdom\living\generated\EventListener.js:26:30)
    at innerInvokeEventListeners (C:\Users\ccana\Documents\augment-p
rojects\akiva-ai-crypto\node_modules\jsdom\lib\jsdom\living\events\E
ventTarget-impl.js:360:16)
    at invokeEventListeners (C:\Users\ccana\Documents\augment-projec
ts\akiva-ai-crypto\node_modules\jsdom\lib\jsdom\living\events\EventT
arget-impl.js:296:3)
    at HTMLUnknownElementImpl._dispatch (C:\Users\ccana\Documents\au
gment-projects\akiva-ai-crypto\node_modules\jsdom\lib\jsdom\living\e
vents\EventTarget-impl.js:243:9)
Error: useAICopilot must be used within AICopilotProvider
    at useAICopilot (C:/Users/ccana/Documents/augment-projects/akiva
-ai-crypto/src/contexts/AICopilotContext.tsx:29:11)
    at MainLayout (C:/Users/ccana/Documents/augment-projects/akiva-a
i-crypto/src/components/layout/MainLayout.tsx:15:30)
    at renderWithHooks (C:\Users\ccana\Documents\augment-projects\ak
iva-ai-crypto\node_modules\react-dom\cjs\react-dom.development.js:15
486:18)
    at mountIndeterminateComponent (C:\Users\ccana\Documents\augment
-projects\akiva-ai-crypto\node_modules\react-dom\cjs\react-dom.devel
opment.js:20103:13)
    at beginWork (C:\Users\ccana\Documents\augment-projects\akiva-ai
-crypto\node_modules\react-dom\cjs\react-dom.development.js:21626:16
)
    at HTMLUnknownElement.callCallback (C:\Users\ccana\Documents\aug
ment-projects\akiva-ai-crypto\node_modules\react-dom\cjs\react-dom.d
evelopment.js:4164:14)
    at HTMLUnknownElement.callTheUserObjectsOperation (C:\Users\ccan
a\Documents\augment-projects\akiva-ai-crypto\node_modules\jsdom\lib\
jsdom\living\generated\EventListener.js:26:30)
    at innerInvokeEventListeners (C:\Users\ccana\Documents\augment-p
rojects\akiva-ai-crypto\node_modules\jsdom\lib\jsdom\living\events\E
ventTarget-impl.js:360:16)
    at invokeEventListeners (C:\Users\ccana\Documents\augment-projec
ts\akiva-ai-crypto\node_modules\jsdom\lib\jsdom\living\events\EventT
arget-impl.js:296:3)
    at HTMLUnknownElementImpl._dispatch (C:\Users\ccana\Documents\au
gment-projects\akiva-ai-crypto\node_modules\jsdom\lib\jsdom\living\e
vents\EventTarget-impl.js:243:9)
Error: useAICopilot must be used within AICopilotProvider
    at useAICopilot (C:/Users/ccana/Documents/augment-projects/akiva
-ai-crypto/src/contexts/AICopilotContext.tsx:29:11)
    at MainLayout (C:/Users/ccana/Documents/augment-projects/akiva-a
i-crypto/src/components/layout/MainLayout.tsx:15:30)
    at renderWithHooks (C:\Users\ccana\Documents\augment-projects\ak
iva-ai-crypto\node_modules\react-dom\cjs\react-dom.development.js:15
486:18)
    at mountIndeterminateComponent (C:\Users\ccana\Documents\augment
-projects\akiva-ai-crypto\node_modules\react-dom\cjs\react-dom.devel
opment.js:20103:13)
    at beginWork (C:\Users\ccana\Documents\augment-projects\akiva-ai
-crypto\node_modules\react-dom\cjs\react-dom.development.js:21626:16
)
    at HTMLUnknownElement.callCallback (C:\Users\ccana\Documents\aug
ment-projects\akiva-ai-crypto\node_modules\react-dom\cjs\react-dom.d
evelopment.js:4164:14)
    at HTMLUnknownElement.callTheUserObjectsOperation (C:\Users\ccan
a\Documents\augment-projects\akiva-ai-crypto\node_modules\jsdom\lib\
jsdom\living\generated\EventListener.js:26:30)
    at innerInvokeEventListeners (C:\Users\ccana\Documents\augment-p
rojects\akiva-ai-crypto\node_modules\jsdom\lib\jsdom\living\events\E
ventTarget-impl.js:360:16)
    at invokeEventListeners (C:\Users\ccana\Documents\augment-projec
ts\akiva-ai-crypto\node_modules\jsdom\lib\jsdom\living\events\EventT
arget-impl.js:296:3)
    at HTMLUnknownElementImpl._dispatch (C:\Users\ccana\Documents\au
gment-projects\akiva-ai-crypto\node_modules\jsdom\lib\jsdom\living\e
vents\EventTarget-impl.js:243:9)
[90mstderr[2m | 
src/components/risk/AdvancedRiskDashboard.test.tsx[2m > 
[22m[2mAdvancedRiskDashboard[2m > [22m[2mStress Testing[2m > 
[22m[2mshould show stress test scenarios
[22m[39mThe above error occurred in the <MainLayout> component:

    at MainLayout (C:/Users/ccana/Documents/augment-projects/akiva-a
i-crypto/src/components/layout/MainLayout.tsx:16:23)
    at AdvancedRiskDashboard (C:/Users/ccana/Documents/augment-proje
cts/akiva-ai-crypto/src/components/risk/AdvancedRiskDashboard.tsx:92
:83)
    at QueryClientProvider (file:///C:/Users/ccana/Documents/augment
-projects/akiva-ai-crypto/node_modules/@tanstack/react-query/build/m
odern/QueryClientProvider.js:20:3)

Consider adding an error boundary to your tree to customize error 
handling behavior.
Visit https://reactjs.org/link/error-boundaries to learn more about 
error boundaries.

Error: useAICopilot must be used within AICopilotProvider
    at useAICopilot (C:/Users/ccana/Documents/augment-projects/akiva
-ai-crypto/src/contexts/AICopilotContext.tsx:29:11)
    at MainLayout (C:/Users/ccana/Documents/augment-projects/akiva-a
i-crypto/src/components/layout/MainLayout.tsx:15:30)
    at renderWithHooks (C:\Users\ccana\Documents\augment-projects\ak
iva-ai-crypto\node_modules\react-dom\cjs\react-dom.development.js:15
486:18)
    at mountIndeterminateComponent (C:\Users\ccana\Documents\augment
-projects\akiva-ai-crypto\node_modules\react-dom\cjs\react-dom.devel
opment.js:20103:13)
    at beginWork (C:\Users\ccana\Documents\augment-projects\akiva-ai
-crypto\node_modules\react-dom\cjs\react-dom.development.js:21626:16
)
    at HTMLUnknownElement.callCallback (C:\Users\ccana\Documents\aug
ment-projects\akiva-ai-crypto\node_modules\react-dom\cjs\react-dom.d
evelopment.js:4164:14)
    at HTMLUnknownElement.callTheUserObjectsOperation (C:\Users\ccan
a\Documents\augment-projects\akiva-ai-crypto\node_modules\jsdom\lib\
jsdom\living\generated\EventListener.js:26:30)
    at innerInvokeEventListeners (C:\Users\ccana\Documents\augment-p
rojects\akiva-ai-crypto\node_modules\jsdom\lib\jsdom\living\events\E
ventTarget-impl.js:360:16)
    at invokeEventListeners (C:\Users\ccana\Documents\augment-projec
ts\akiva-ai-crypto\node_modules\jsdom\lib\jsdom\living\events\EventT
arget-impl.js:296:3)
    at HTMLUnknownElementImpl._dispatch (C:\Users\ccana\Documents\au
gment-projects\akiva-ai-crypto\node_modules\jsdom\lib\jsdom\living\e
vents\EventTarget-impl.js:243:9)
Error: useAICopilot must be used within AICopilotProvider
    at useAICopilot (C:/Users/ccana/Documents/augment-projects/akiva
-ai-crypto/src/contexts/AICopilotContext.tsx:29:11)
    at MainLayout (C:/Users/ccana/Documents/augment-projects/akiva-a
i-crypto/src/components/layout/MainLayout.tsx:15:30)
    at renderWithHooks (C:\Users\ccana\Documents\augment-projects\ak
iva-ai-crypto\node_modules\react-dom\cjs\react-dom.development.js:15
486:18)
    at mountIndeterminateComponent (C:\Users\ccana\Documents\augment
-projects\akiva-ai-crypto\node_modules\react-dom\cjs\react-dom.devel
opment.js:20103:13)
    at beginWork (C:\Users\ccana\Documents\augment-projects\akiva-ai
-crypto\node_modules\react-dom\cjs\react-dom.development.js:21626:16
)
    at HTMLUnknownElement.callCallback (C:\Users\ccana\Documents\aug
ment-projects\akiva-ai-crypto\node_modules\react-dom\cjs\react-dom.d
evelopment.js:4164:14)
    at HTMLUnknownElement.callTheUserObjectsOperation (C:\Users\ccan
a\Documents\augment-projects\akiva-ai-crypto\node_modules\jsdom\lib\
jsdom\living\generated\EventListener.js:26:30)
    at innerInvokeEventListeners (C:\Users\ccana\Documents\augment-p
rojects\akiva-ai-crypto\node_modules\jsdom\lib\jsdom\living\events\E
ventTarget-impl.js:360:16)
    at invokeEventListeners (C:\Users\ccana\Documents\augment-projec
ts\akiva-ai-crypto\node_modules\jsdom\lib\jsdom\living\events\EventT
arget-impl.js:296:3)
    at HTMLUnknownElementImpl._dispatch (C:\Users\ccana\Documents\au
gment-projects\akiva-ai-crypto\node_modules\jsdom\lib\jsdom\living\e
vents\EventTarget-impl.js:243:9)
Error: useAICopilot must be used within AICopilotProvider
    at useAICopilot (C:/Users/ccana/Documents/augment-projects/akiva
-ai-crypto/src/contexts/AICopilotContext.tsx:29:11)
    at MainLayout (C:/Users/ccana/Documents/augment-projects/akiva-a
i-crypto/src/components/layout/MainLayout.tsx:15:30)
    at renderWithHooks (C:\Users\ccana\Documents\augment-projects\ak
iva-ai-crypto\node_modules\react-dom\cjs\react-dom.development.js:15
486:18)
    at mountIndeterminateComponent (C:\Users\ccana\Documents\augment
-projects\akiva-ai-crypto\node_modules\react-dom\cjs\react-dom.devel
opment.js:20103:13)
    at beginWork (C:\Users\ccana\Documents\augment-projects\akiva-ai
-crypto\node_modules\react-dom\cjs\react-dom.development.js:21626:16
)
    at HTMLUnknownElement.callCallback (C:\Users\ccana\Documents\aug
ment-projects\akiva-ai-crypto\node_modules\react-dom\cjs\react-dom.d
evelopment.js:4164:14)
    at HTMLUnknownElement.callTheUserObjectsOperation (C:\Users\ccan
a\Documents\augment-projects\akiva-ai-crypto\node_modules\jsdom\lib\
jsdom\living\generated\EventListener.js:26:30)
    at innerInvokeEventListeners (C:\Users\ccana\Documents\augment-p
rojects\akiva-ai-crypto\node_modules\jsdom\lib\jsdom\living\events\E
ventTarget-impl.js:360:16)
    at invokeEventListeners (C:\Users\ccana\Documents\augment-projec
ts\akiva-ai-crypto\node_modules\jsdom\lib\jsdom\living\events\EventT
arget-impl.js:296:3)
    at HTMLUnknownElementImpl._dispatch (C:\Users\ccana\Documents\au
gment-projects\akiva-ai-crypto\node_modules\jsdom\lib\jsdom\living\e
vents\EventTarget-impl.js:243:9)
Error: useAICopilot must be used within AICopilotProvider
    at useAICopilot (C:/Users/ccana/Documents/augment-projects/akiva
-ai-crypto/src/contexts/AICopilotContext.tsx:29:11)
    at MainLayout (C:/Users/ccana/Documents/augment-projects/akiva-a
i-crypto/src/components/layout/MainLayout.tsx:15:30)
    at renderWithHooks (C:\Users\ccana\Documents\augment-projects\ak
iva-ai-crypto\node_modules\react-dom\cjs\react-dom.development.js:15
486:18)
    at mountIndeterminateComponent (C:\Users\ccana\Documents\augment
-projects\akiva-ai-crypto\node_modules\react-dom\cjs\react-dom.devel
opment.js:20103:13)
    at beginWork (C:\Users\ccana\Documents\augment-projects\akiva-ai
-crypto\node_modules\react-dom\cjs\react-dom.development.js:21626:16
)
    at HTMLUnknownElement.callCallback (C:\Users\ccana\Documents\aug
ment-projects\akiva-ai-crypto\node_modules\react-dom\cjs\react-dom.d
evelopment.js:4164:14)
    at HTMLUnknownElement.callTheUserObjectsOperation (C:\Users\ccan
a\Documents\augment-projects\akiva-ai-crypto\node_modules\jsdom\lib\
jsdom\living\generated\EventListener.js:26:30)
    at innerInvokeEventListeners (C:\Users\ccana\Documents\augment-p
rojects\akiva-ai-crypto\node_modules\jsdom\lib\jsdom\living\events\E
ventTarget-impl.js:360:16)
    at invokeEventListeners (C:\Users\ccana\Documents\augment-projec
ts\akiva-ai-crypto\node_modules\jsdom\lib\jsdom\living\events\EventT
arget-impl.js:296:3)
    at HTMLUnknownElementImpl._dispatch (C:\Users\ccana\Documents\au
gment-projects\akiva-ai-crypto\node_modules\jsdom\lib\jsdom\living\e
vents\EventTarget-impl.js:243:9)
Error: useAICopilot must be used within AICopilotProvider
    at useAICopilot (C:/Users/ccana/Documents/augment-projects/akiva
-ai-crypto/src/contexts/AICopilotContext.tsx:29:11)
    at MainLayout (C:/Users/ccana/Documents/augment-projects/akiva-a
i-crypto/src/components/layout/MainLayout.tsx:15:30)
    at renderWithHooks (C:\Users\ccana\Documents\augment-projects\ak
iva-ai-crypto\node_modules\react-dom\cjs\react-dom.development.js:15
486:18)
    at mountIndeterminateComponent (C:\Users\ccana\Documents\augment
-projects\akiva-ai-crypto\node_modules\react-dom\cjs\react-dom.devel
opment.js:20103:13)
    at beginWork (C:\Users\ccana\Documents\augment-projects\akiva-ai
-crypto\node_modules\react-dom\cjs\react-dom.development.js:21626:16
)
    at HTMLUnknownElement.callCallback (C:\Users\ccana\Documents\aug
ment-projects\akiva-ai-crypto\node_modules\react-dom\cjs\react-dom.d
evelopment.js:4164:14)
    at HTMLUnknownElement.callTheUserObjectsOperation (C:\Users\ccan
a\Documents\augment-projects\akiva-ai-crypto\node_modules\jsdom\lib\
jsdom\living\generated\EventListener.js:26:30)
    at innerInvokeEventListeners (C:\Users\ccana\Documents\augment-p
rojects\akiva-ai-crypto\node_modules\jsdom\lib\jsdom\living\events\E
ventTarget-impl.js:360:16)
    at invokeEventListeners (C:\Users\ccana\Documents\augment-projec
ts\akiva-ai-crypto\node_modules\jsdom\lib\jsdom\living\events\EventT
arget-impl.js:296:3)
    at HTMLUnknownElementImpl._dispatch (C:\Users\ccana\Documents\au
gment-projects\akiva-ai-crypto\node_modules\jsdom\lib\jsdom\living\e
vents\EventTarget-impl.js:243:9)
Error: useAICopilot must be used within AICopilotProvider
    at useAICopilot (C:/Users/ccana/Documents/augment-projects/akiva
-ai-crypto/src/contexts/AICopilotContext.tsx:29:11)
    at MainLayout (C:/Users/ccana/Documents/augment-projects/akiva-a
i-crypto/src/components/layout/MainLayout.tsx:15:30)
    at renderWithHooks (C:\Users\ccana\Documents\augment-projects\ak
iva-ai-crypto\node_modules\react-dom\cjs\react-dom.development.js:15
486:18)
    at mountIndeterminateComponent (C:\Users\ccana\Documents\augment
-projects\akiva-ai-crypto\node_modules\react-dom\cjs\react-dom.devel
opment.js:20103:13)
    at beginWork (C:\Users\ccana\Documents\augment-projects\akiva-ai
-crypto\node_modules\react-dom\cjs\react-dom.development.js:21626:16
)
    at HTMLUnknownElement.callCallback (C:\Users\ccana\Documents\aug
ment-projects\akiva-ai-crypto\node_modules\react-dom\cjs\react-dom.d
evelopment.js:4164:14)
    at HTMLUnknownElement.callTheUserObjectsOperation (C:\Users\ccan
a\Documents\augment-projects\akiva-ai-crypto\node_modules\jsdom\lib\
jsdom\living\generated\EventListener.js:26:30)
    at innerInvokeEventListeners (C:\Users\ccana\Documents\augment-p
rojects\akiva-ai-crypto\node_modules\jsdom\lib\jsdom\living\events\E
ventTarget-impl.js:360:16)
    at invokeEventListeners (C:\Users\ccana\Documents\augment-projec
ts\akiva-ai-crypto\node_modules\jsdom\lib\jsdom\living\events\EventT
arget-impl.js:296:3)
    at HTMLUnknownElementImpl._dispatch (C:\Users\ccana\Documents\au
gment-projects\akiva-ai-crypto\node_modules\jsdom\lib\jsdom\living\e
vents\EventTarget-impl.js:243:9)
Error: useAICopilot must be used within AICopilotProvider
    at useAICopilot (C:/Users/ccana/Documents/augment-projects/akiva
-ai-crypto/src/contexts/AICopilotContext.tsx:29:11)
    at MainLayout (C:/Users/ccana/Documents/augment-projects/akiva-a
i-crypto/src/components/layout/MainLayout.tsx:15:30)
    at renderWithHooks (C:\Users\ccana\Documents\augment-projects\ak
iva-ai-crypto\node_modules\react-dom\cjs\react-dom.development.js:15
486:18)
    at mountIndeterminateComponent (C:\Users\ccana\Documents\augment
-projects\akiva-ai-crypto\node_modules\react-dom\cjs\react-dom.devel
opment.js:20103:13)
    at beginWork (C:\Users\ccana\Documents\augment-projects\akiva-ai
-crypto\node_modules\react-dom\cjs\react-dom.development.js:21626:16
)
    at HTMLUnknownElement.callCallback (C:\Users\ccana\Documents\aug
ment-projects\akiva-ai-crypto\node_modules\react-dom\cjs\react-dom.d
evelopment.js:4164:14)
    at HTMLUnknownElement.callTheUserObjectsOperation (C:\Users\ccan
a\Documents\augment-projects\akiva-ai-crypto\node_modules\jsdom\lib\
jsdom\living\generated\EventListener.js:26:30)
    at innerInvokeEventListeners (C:\Users\ccana\Documents\augment-p
rojects\akiva-ai-crypto\node_modules\jsdom\lib\jsdom\living\events\E
ventTarget-impl.js:360:16)
    at invokeEventListeners (C:\Users\ccana\Documents\augment-projec
ts\akiva-ai-crypto\node_modules\jsdom\lib\jsdom\living\events\EventT
arget-impl.js:296:3)
    at HTMLUnknownElementImpl._dispatch (C:\Users\ccana\Documents\au
gment-projects\akiva-ai-crypto\node_modules\jsdom\lib\jsdom\living\e
vents\EventTarget-impl.js:243:9)
Error: useAICopilot must be used within AICopilotProvider
    at useAICopilot (C:/Users/ccana/Documents/augment-projects/akiva
-ai-crypto/src/contexts/AICopilotContext.tsx:29:11)
    at MainLayout (C:/Users/ccana/Documents/augment-projects/akiva-a
i-crypto/src/components/layout/MainLayout.tsx:15:30)
    at renderWithHooks (C:\Users\ccana\Documents\augment-projects\ak
iva-ai-crypto\node_modules\react-dom\cjs\react-dom.development.js:15
486:18)
    at mountIndeterminateComponent (C:\Users\ccana\Documents\augment
-projects\akiva-ai-crypto\node_modules\react-dom\cjs\react-dom.devel
opment.js:20103:13)
    at beginWork (C:\Users\ccana\Documents\augment-projects\akiva-ai
-crypto\node_modules\react-dom\cjs\react-dom.development.js:21626:16
)
    at HTMLUnknownElement.callCallback (C:\Users\ccana\Documents\aug
ment-projects\akiva-ai-crypto\node_modules\react-dom\cjs\react-dom.d
evelopment.js:4164:14)
    at HTMLUnknownElement.callTheUserObjectsOperation (C:\Users\ccan
a\Documents\augment-projects\akiva-ai-crypto\node_modules\jsdom\lib\
jsdom\living\generated\EventListener.js:26:30)
    at innerInvokeEventListeners (C:\Users\ccana\Documents\augment-p
rojects\akiva-ai-crypto\node_modules\jsdom\lib\jsdom\living\events\E
ventTarget-impl.js:360:16)
    at invokeEventListeners (C:\Users\ccana\Documents\augment-projec
ts\akiva-ai-crypto\node_modules\jsdom\lib\jsdom\living\events\EventT
arget-impl.js:296:3)
    at HTMLUnknownElementImpl._dispatch (C:\Users\ccana\Documents\au
gment-projects\akiva-ai-crypto\node_modules\jsdom\lib\jsdom\living\e
vents\EventTarget-impl.js:243:9)
Error: useAICopilot must be used within AICopilotProvider
    at useAICopilot (C:/Users/ccana/Documents/augment-projects/akiva
-ai-crypto/src/contexts/AICopilotContext.tsx:29:11)
    at MainLayout (C:/Users/ccana/Documents/augment-projects/akiva-a
i-crypto/src/components/layout/MainLayout.tsx:15:30)
    at renderWithHooks (C:\Users\ccana\Documents\augment-projects\ak
iva-ai-crypto\node_modules\react-dom\cjs\react-dom.development.js:15
486:18)
    at mountIndeterminateComponent (C:\Users\ccana\Documents\augment
-projects\akiva-ai-crypto\node_modules\react-dom\cjs\react-dom.devel
opment.js:20103:13)
    at beginWork (C:\Users\ccana\Documents\augment-projects\akiva-ai
-crypto\node_modules\react-dom\cjs\react-dom.development.js:21626:16
)
    at HTMLUnknownElement.callCallback (C:\Users\ccana\Documents\aug
ment-projects\akiva-ai-crypto\node_modules\react-dom\cjs\react-dom.d
evelopment.js:4164:14)
    at HTMLUnknownElement.callTheUserObjectsOperation (C:\Users\ccan
a\Documents\augment-projects\akiva-ai-crypto\node_modules\jsdom\lib\
jsdom\living\generated\EventListener.js:26:30)
    at innerInvokeEventListeners (C:\Users\ccana\Documents\augment-p
rojects\akiva-ai-crypto\node_modules\jsdom\lib\jsdom\living\events\E
ventTarget-impl.js:360:16)
    at invokeEventListeners (C:\Users\ccana\Documents\augment-projec
ts\akiva-ai-crypto\node_modules\jsdom\lib\jsdom\living\events\EventT
arget-impl.js:296:3)
    at HTMLUnknownElementImpl._dispatch (C:\Users\ccana\Documents\au
gment-projects\akiva-ai-crypto\node_modules\jsdom\lib\jsdom\living\e
vents\EventTarget-impl.js:243:9)
Error: useAICopilot must be used within AICopilotProvider
    at useAICopilot (C:/Users/ccana/Documents/augment-projects/akiva
-ai-crypto/src/contexts/AICopilotContext.tsx:29:11)
    at MainLayout (C:/Users/ccana/Documents/augment-projects/akiva-a
i-crypto/src/components/layout/MainLayout.tsx:15:30)
    at renderWithHooks (C:\Users\ccana\Documents\augment-projects\ak
iva-ai-crypto\node_modules\react-dom\cjs\react-dom.development.js:15
486:18)
    at mountIndeterminateComponent (C:\Users\ccana\Documents\augment
-projects\akiva-ai-crypto\node_modules\react-dom\cjs\react-dom.devel
opment.js:20103:13)
    at beginWork (C:\Users\ccana\Documents\augment-projects\akiva-ai
-crypto\node_modules\react-dom\cjs\react-dom.development.js:21626:16
)
    at HTMLUnknownElement.callCallback (C:\Users\ccana\Documents\aug
ment-projects\akiva-ai-crypto\node_modules\react-dom\cjs\react-dom.d
evelopment.js:4164:14)
    at HTMLUnknownElement.callTheUserObjectsOperation (C:\Users\ccan
a\Documents\augment-projects\akiva-ai-crypto\node_modules\jsdom\lib\
jsdom\living\generated\EventListener.js:26:30)
    at innerInvokeEventListeners (C:\Users\ccana\Documents\augment-p
rojects\akiva-ai-crypto\node_modules\jsdom\lib\jsdom\living\events\E
ventTarget-impl.js:360:16)
    at invokeEventListeners (C:\Users\ccana\Documents\augment-projec
ts\akiva-ai-crypto\node_modules\jsdom\lib\jsdom\living\events\EventT
arget-impl.js:296:3)
    at HTMLUnknownElementImpl._dispatch (C:\Users\ccana\Documents\au
gment-projects\akiva-ai-crypto\node_modules\jsdom\lib\jsdom\living\e
vents\EventTarget-impl.js:243:9)
Error: useAICopilot must be used within AICopilotProvider
    at useAICopilot (C:/Users/ccana/Documents/augment-projects/akiva
-ai-crypto/src/contexts/AICopilotContext.tsx:29:11)
    at MainLayout (C:/Users/ccana/Documents/augment-projects/akiva-a
i-crypto/src/components/layout/MainLayout.tsx:15:30)
    at renderWithHooks (C:\Users\ccana\Documents\augment-projects\ak
iva-ai-crypto\node_modules\react-dom\cjs\react-dom.development.js:15
486:18)
    at mountIndeterminateComponent (C:\Users\ccana\Documents\augment
-projects\akiva-ai-crypto\node_modules\react-dom\cjs\react-dom.devel
opment.js:20103:13)
    at beginWork (C:\Users\ccana\Documents\augment-projects\akiva-ai
-crypto\node_modules\react-dom\cjs\react-dom.development.js:21626:16
)
    at HTMLUnknownElement.callCallback (C:\Users\ccana\Documents\aug
ment-projects\akiva-ai-crypto\node_modules\react-dom\cjs\react-dom.d
evelopment.js:4164:14)
    at HTMLUnknownElement.callTheUserObjectsOperation (C:\Users\ccan
a\Documents\augment-projects\akiva-ai-crypto\node_modules\jsdom\lib\
jsdom\living\generated\EventListener.js:26:30)
    at innerInvokeEventListeners (C:\Users\ccana\Documents\augment-p
rojects\akiva-ai-crypto\node_modules\jsdom\lib\jsdom\living\events\E
ventTarget-impl.js:360:16)
    at invokeEventListeners (C:\Users\ccana\Documents\augment-projec
ts\akiva-ai-crypto\node_modules\jsdom\lib\jsdom\living\events\EventT
arget-impl.js:296:3)
    at HTMLUnknownElementImpl._dispatch (C:\Users\ccana\Documents\au
gment-projects\akiva-ai-crypto\node_modules\jsdom\lib\jsdom\living\e
vents\EventTarget-impl.js:243:9)
Error: useAICopilot must be used within AICopilotProvider
    at useAICopilot (C:/Users/ccana/Documents/augment-projects/akiva
-ai-crypto/src/contexts/AICopilotContext.tsx:29:11)
    at MainLayout (C:/Users/ccana/Documents/augment-projects/akiva-a
i-crypto/src/components/layout/MainLayout.tsx:15:30)
    at renderWithHooks (C:\Users\ccana\Documents\augment-projects\ak
iva-ai-crypto\node_modules\react-dom\cjs\react-dom.development.js:15
486:18)
    at mountIndeterminateComponent (C:\Users\ccana\Documents\augment
-projects\akiva-ai-crypto\node_modules\react-dom\cjs\react-dom.devel
opment.js:20103:13)
    at beginWork (C:\Users\ccana\Documents\augment-projects\akiva-ai
-crypto\node_modules\react-dom\cjs\react-dom.development.js:21626:16
)
    at HTMLUnknownElement.callCallback (C:\Users\ccana\Documents\aug
ment-projects\akiva-ai-crypto\node_modules\react-dom\cjs\react-dom.d
evelopment.js:4164:14)
    at HTMLUnknownElement.callTheUserObjectsOperation (C:\Users\ccan
a\Documents\augment-projects\akiva-ai-crypto\node_modules\jsdom\lib\
jsdom\living\generated\EventListener.js:26:30)
    at innerInvokeEventListeners (C:\Users\ccana\Documents\augment-p
rojects\akiva-ai-crypto\node_modules\jsdom\lib\jsdom\living\events\E
ventTarget-impl.js:360:16)
    at invokeEventListeners (C:\Users\ccana\Documents\augment-projec
ts\akiva-ai-crypto\node_modules\jsdom\lib\jsdom\living\events\EventT
arget-impl.js:296:3)
    at HTMLUnknownElementImpl._dispatch (C:\Users\ccana\Documents\au
gment-projects\akiva-ai-crypto\node_modules\jsdom\lib\jsdom\living\e
vents\EventTarget-impl.js:243:9)
Error: useAICopilot must be used within AICopilotProvider
    at useAICopilot (C:/Users/ccana/Documents/augment-projects/akiva
-ai-crypto/src/contexts/AICopilotContext.tsx:29:11)
    at MainLayout (C:/Users/ccana/Documents/augment-projects/akiva-a
i-crypto/src/components/layout/MainLayout.tsx:15:30)
    at renderWithHooks (C:\Users\ccana\Documents\augment-projects\ak
iva-ai-crypto\node_modules\react-dom\cjs\react-dom.development.js:15
486:18)
    at mountIndeterminateComponent (C:\Users\ccana\Documents\augment
-projects\akiva-ai-crypto\node_modules\react-dom\cjs\react-dom.devel
opment.js:20103:13)
    at beginWork (C:\Users\ccana\Documents\augment-projects\akiva-ai
-crypto\node_modules\react-dom\cjs\react-dom.development.js:21626:16
)
    at HTMLUnknownElement.callCallback (C:\Users\ccana\Documents\aug
ment-projects\akiva-ai-crypto\node_modules\react-dom\cjs\react-dom.d
evelopment.js:4164:14)
    at HTMLUnknownElement.callTheUserObjectsOperation (C:\Users\ccan
a\Documents\augment-projects\akiva-ai-crypto\node_modules\jsdom\lib\
jsdom\living\generated\EventListener.js:26:30)
    at innerInvokeEventListeners (C:\Users\ccana\Documents\augment-p
rojects\akiva-ai-crypto\node_modules\jsdom\lib\jsdom\living\events\E
ventTarget-impl.js:360:16)
    at invokeEventListeners (C:\Users\ccana\Documents\augment-projec
ts\akiva-ai-crypto\node_modules\jsdom\lib\jsdom\living\events\EventT
arget-impl.js:296:3)
    at HTMLUnknownElementImpl._dispatch (C:\Users\ccana\Documents\au
gment-projects\akiva-ai-crypto\node_modules\jsdom\lib\jsdom\living\e
vents\EventTarget-impl.js:243:9)
Error: useAICopilot must be used within AICopilotProvider
    at useAICopilot (C:/Users/ccana/Documents/augment-projects/akiva
-ai-crypto/src/contexts/AICopilotContext.tsx:29:11)
    at MainLayout (C:/Users/ccana/Documents/augment-projects/akiva-a
i-crypto/src/components/layout/MainLayout.tsx:15:30)
    at renderWithHooks (C:\Users\ccana\Documents\augment-projects\ak
iva-ai-crypto\node_modules\react-dom\cjs\react-dom.development.js:15
486:18)
    at mountIndeterminateComponent (C:\Users\ccana\Documents\augment
-projects\akiva-ai-crypto\node_modules\react-dom\cjs\react-dom.devel
opment.js:20103:13)
    at beginWork (C:\Users\ccana\Documents\augment-projects\akiva-ai
-crypto\node_modules\react-dom\cjs\react-dom.development.js:21626:16
)
    at HTMLUnknownElement.callCallback (C:\Users\ccana\Documents\aug
ment-projects\akiva-ai-crypto\node_modules\react-dom\cjs\react-dom.d
evelopment.js:4164:14)
    at HTMLUnknownElement.callTheUserObjectsOperation (C:\Users\ccan
a\Documents\augment-projects\akiva-ai-crypto\node_modules\jsdom\lib\
jsdom\living\generated\EventListener.js:26:30)
    at innerInvokeEventListeners (C:\Users\ccana\Documents\augment-p
rojects\akiva-ai-crypto\node_modules\jsdom\lib\jsdom\living\events\E
ventTarget-impl.js:360:16)
    at invokeEventListeners (C:\Users\ccana\Documents\augment-projec
ts\akiva-ai-crypto\node_modules\jsdom\lib\jsdom\living\events\EventT
arget-impl.js:296:3)
    at HTMLUnknownElementImpl._dispatch (C:\Users\ccana\Documents\au
gment-projects\akiva-ai-crypto\node_modules\jsdom\lib\jsdom\living\e
vents\EventTarget-impl.js:243:9)
[90mstderr[2m | 
src/components/risk/AdvancedRiskDashboard.test.tsx[2m > 
[22m[2mAdvancedRiskDashboard[2m > [22m[2mStress Testing[2m > 
[22m[2mshould display scenario impacts
[22m[39mThe above error occurred in the <MainLayout> component:

    at MainLayout (C:/Users/ccana/Documents/augment-projects/akiva-a
i-crypto/src/components/layout/MainLayout.tsx:16:23)
    at AdvancedRiskDashboard (C:/Users/ccana/Documents/augment-proje
cts/akiva-ai-crypto/src/components/risk/AdvancedRiskDashboard.tsx:92
:83)
    at QueryClientProvider (file:///C:/Users/ccana/Documents/augment
-projects/akiva-ai-crypto/node_modules/@tanstack/react-query/build/m
odern/QueryClientProvider.js:20:3)

Consider adding an error boundary to your tree to customize error 
handling behavior.
Visit https://reactjs.org/link/error-boundaries to learn more about 
error boundaries.

[90mstderr[2m | 
src/components/risk/AdvancedRiskDashboard.test.tsx[2m > 
[22m[2mAdvancedRiskDashboard[2m > [22m[2mRefresh 
Functionality[2m > [22m[2mshould have refresh button
[22m[39mThe above error occurred in the <MainLayout> component:

    at MainLayout (C:/Users/ccana/Documents/augment-projects/akiva-a
i-crypto/src/components/layout/MainLayout.tsx:16:23)
    at AdvancedRiskDashboard (C:/Users/ccana/Documents/augment-proje
cts/akiva-ai-crypto/src/components/risk/AdvancedRiskDashboard.tsx:92
:83)
    at QueryClientProvider (file:///C:/Users/ccana/Documents/augment
-projects/akiva-ai-crypto/node_modules/@tanstack/react-query/build/m
odern/QueryClientProvider.js:20:3)

Consider adding an error boundary to your tree to customize error 
handling behavior.
Visit https://reactjs.org/link/error-boundaries to learn more about 
error boundaries.

[90mstderr[2m | 
src/components/risk/AdvancedRiskDashboard.test.tsx[2m > 
[22m[2mAdvancedRiskDashboard[2m > [22m[2mRefresh 
Functionality[2m > [22m[2mshould refetch data when refresh 
clicked
[22m[39mThe above error occurred in the <MainLayout> component:

    at MainLayout (C:/Users/ccana/Documents/augment-projects/akiva-a
i-crypto/src/components/layout/MainLayout.tsx:16:23)
    at AdvancedRiskDashboard (C:/Users/ccana/Documents/augment-proje
cts/akiva-ai-crypto/src/components/risk/AdvancedRiskDashboard.tsx:92
:83)
    at QueryClientProvider (file:///C:/Users/ccana/Documents/augment
-projects/akiva-ai-crypto/node_modules/@tanstack/react-query/build/m
odern/QueryClientProvider.js:20:3)

Consider adding an error boundary to your tree to customize error 
handling behavior.
Visit https://reactjs.org/link/error-boundaries to learn more about 
error boundaries.
 [31mΓ¥»[39m src/components/risk/AdvancedRiskDashboard.test.tsx [2m([22m[2m15 tests[22m[2m | [22m[31m15 failed[39m[2m)[22m[32m 41[2mms[22m[39m
[31m       [31m├ù[31m should render book selector[39m[32m 15[2mms[22m[39m
[31m       [31m├ù[31m should show available books[39m[32m 2[2mms[22m[39m
[31m       [31m├ù[31m should select default book on load[39m[32m 2[2mms[22m[39m
[31m       [31m├ù[31m should show VaR metrics[39m[32m 2[2mms[22m[39m
[31m       [31m├ù[31m should display VaR value[39m[32m 2[2mms[22m[39m
[31m       [31m├ù[31m should show loading state while fetching VaR[39m[32m 3[2mms[22m[39m
[31m       [31m├ù[31m should show stress test scenarios[39m[32m 1[2mms[22m[39m
[31m       [31m├ù[31m should display scenario impacts[39m[32m 1[2mms[22m[39m
[31m       [31m├ù[31m should have refresh button[39m[32m 2[2mms[22m[39m
[31m       [31m├ù[31m should refetch data when refresh clicked[39m[32m 1[2mms[22m[39m
[31m       [31m├ù[31m should show all risk tabs[39m[32m 1[2mms[22m[39m

[90mstderr[2m | 
src/components/risk/AdvancedRiskDashboard.test.tsx[2m > 
[22m[2mAdvancedRiskDashboard[2m > [22m[2mTab Navigation[2m > 
[22m[2mshould show all risk tabs
[22m[39mThe above error occurred in the <MainLayout> component:

    at MainLayout (C:/Users/ccana/Documents/augment-projects/akiva-a
i-crypto/src/components/layout/MainLayout.tsx:16:23)
    at AdvancedRiskDashboard (C:/Users/ccana/Documents/augment-proje
cts/akiva-ai-crypto/src/components/risk/AdvancedRiskDashboard.tsx:92
:83)
    at QueryClientProvider (file:///C:/Users/ccana/Documents/augment
-projects/akiva-ai-crypto/node_modules/@tanstack/react-query/build/m
odern/QueryClientProvider.js:20:3)

Consider adding an error boundary to your tree to customize error 
handling behavior.
Visit https://reactjs.org/link/error-boundaries to learn more about 
error boundaries.

[90mstderr[2m | 
src/components/risk/AdvancedRiskDashboard.test.tsx[2m > 
[22m[2mAdvancedRiskDashboard[2m > [22m[2mTab Navigation[2m > 
[22m[2mshould switch between tabs
[22m[39mThe above error occurred in the <MainLayout> component:

[31m       [31m├ù[31m should switch between tabs[39m[32m 1[2mms[22m[39m
[31m       [31m├ù[31m should show message when no book selected[39m[32m 1[2mms[22m[39m
[31m       [31m├ù[31m should display key risk metrics[39m[32m 1[2mms[22m[39m
[31m       [31m├ù[31m should show risk metrics in correct format[39m[32m 1[2mms[22m[39m
    at MainLayout (C:/Users/ccana/Documents/augment-projects/akiva-a
i-crypto/src/components/layout/MainLayout.tsx:16:23)
    at AdvancedRiskDashboard (C:/Users/ccana/Documents/augment-proje
cts/akiva-ai-crypto/src/components/risk/AdvancedRiskDashboard.tsx:92
:83)
    at QueryClientProvider (file:///C:/Users/ccana/Documents/augment
-projects/akiva-ai-crypto/node_modules/@tanstack/react-query/build/m
odern/QueryClientProvider.js:20:3)

Consider adding an error boundary to your tree to customize error 
handling behavior.
Visit https://reactjs.org/link/error-boundaries to learn more about 
error boundaries.

[90mstderr[2m | 
src/components/risk/AdvancedRiskDashboard.test.tsx[2m > 
[22m[2mAdvancedRiskDashboard[2m > [22m[2mEmpty State[2m > 
[22m[2mshould show message when no book selected
[22m[39mThe above error occurred in the <MainLayout> component:

    at MainLayout (C:/Users/ccana/Documents/augment-projects/akiva-a
i-crypto/src/components/layout/MainLayout.tsx:16:23)
    at AdvancedRiskDashboard (C:/Users/ccana/Documents/augment-proje
cts/akiva-ai-crypto/src/components/risk/AdvancedRiskDashboard.tsx:92
:83)
    at QueryClientProvider (file:///C:/Users/ccana/Documents/augment
-projects/akiva-ai-crypto/node_modules/@tanstack/react-query/build/m
odern/QueryClientProvider.js:20:3)

Consider adding an error boundary to your tree to customize error 
handling behavior.
Visit https://reactjs.org/link/error-boundaries to learn more about 
error boundaries.

[90mstderr[2m | 
src/components/risk/AdvancedRiskDashboard.test.tsx[2m > 
[22m[2mAdvancedRiskDashboard[2m > [22m[2mRisk Metrics 
Overview[2m > [22m[2mshould display key risk metrics
[22m[39mThe above error occurred in the <MainLayout> component:

    at MainLayout (C:/Users/ccana/Documents/augment-projects/akiva-a
i-crypto/src/components/layout/MainLayout.tsx:16:23)
    at AdvancedRiskDashboard (C:/Users/ccana/Documents/augment-proje
cts/akiva-ai-crypto/src/components/risk/AdvancedRiskDashboard.tsx:92
:83)
    at QueryClientProvider (file:///C:/Users/ccana/Documents/augment
-projects/akiva-ai-crypto/node_modules/@tanstack/react-query/build/m
odern/QueryClientProvider.js:20:3)

Consider adding an error boundary to your tree to customize error 
handling behavior.
Visit https://reactjs.org/link/error-boundaries to learn more about 
error boundaries.

[90mstderr[2m | 
src/components/risk/AdvancedRiskDashboard.test.tsx[2m > 
[22m[2mAdvancedRiskDashboard[2m > [22m[2mRisk Metrics 
Overview[2m > [22m[2mshould show risk metrics in correct format
[22m[39mThe above error occurred in the <MainLayout> component:

    at MainLayout (C:/Users/ccana/Documents/augment-projects/akiva-a
i-crypto/src/components/layout/MainLayout.tsx:16:23)
    at AdvancedRiskDashboard (C:/Users/ccana/Documents/augment-proje
cts/akiva-ai-crypto/src/components/risk/AdvancedRiskDashboard.tsx:92
:83)
    at QueryClientProvider (file:///C:/Users/ccana/Documents/augment
-projects/akiva-ai-crypto/node_modules/@tanstack/react-query/build/m
odern/QueryClientProvider.js:20:3)

Consider adding an error boundary to your tree to customize error 
handling behavior.
Visit https://reactjs.org/link/error-boundaries to learn more about 
error boundaries.


[31mΓÄ»ΓÄ»ΓÄ»ΓÄ»ΓÄ»ΓÄ»[39m[1m[41m Failed Suites 2 
[49m[22m[31mΓÄ»ΓÄ»ΓÄ»ΓÄ»ΓÄ»ΓÄ»ΓÄ»[39m

[41m[1m FAIL [22m[49m 
src/components/positions/PositionManagementPanel.test.tsx[2m [ 
src/components/positions/PositionManagementPanel.test.tsx ][22m
[31m[1mError[22m: Failed to resolve import "@/lib/supabase" from 
"src/components/positions/PositionManagementPanel.test.tsx". Does 
the file exist?[39m
  Plugin: [35mvite:import-analysis[39m
  File: [36mC:/Users/ccana/Documents/augment-projects/akiva-ai-cryp
to/src/components/positions/PositionManagementPanel.test.tsx[39m:5:
0
[33m  49 |  const __vi_import_2__ = await 
import("@tanstack/react-query");
  50 |  const __vi_import_3__ = await 
import("./PositionManagementPanel");
  51 |  const __vi_import_4__ = await import("@/lib/supabase");
     |                                       ^
  52 |  
  53 |  import { describe, it, expect, vi, beforeEach } from 
'vitest';[39m
[90m [2mΓ¥»[22m TransformPluginContext._formatLog node_modules/vi
test/node_modules/vite/dist/node/chunks/config.js:[2m28998:43[22m
[39m
[90m [2mΓ¥»[22m TransformPluginContext.error node_modules/vitest/
node_modules/vite/dist/node/chunks/config.js:[2m28995:14[22m[39m
[90m [2mΓ¥»[22m normalizeUrl node_modules/vitest/node_modules/vit
e/dist/node/chunks/config.js:[2m27118:18[22m[39m
[90m [2mΓ¥»[22m node_modules/vitest/node_modules/vite/dist/node/c
hunks/config.js:[2m27176:32[22m[39m
[90m [2mΓ¥»[22m TransformPluginContext.transform node_modules/vit
est/node_modules/vite/dist/node/chunks/config.js:[2m27144:4[22m[3
9m
[90m [2mΓ¥»[22m EnvironmentPluginContainer.transform node_modules
/vitest/node_modules/vite/dist/node/chunks/config.js:[2m28796:14[2
2m[39m
[90m [2mΓ¥»[22m loadAndTransform node_modules/vitest/node_modules
/vite/dist/node/chunks/config.js:[2m22669:26[22m[39m

[31m[2mΓÄ»ΓÄ»ΓÄ»ΓÄ»ΓÄ»ΓÄ»ΓÄ»ΓÄ»ΓÄ»ΓÄ»ΓÄ»ΓÄ»ΓÄ»ΓÄ»ΓÄ»ΓÄ»ΓÄ»ΓÄ»ΓÄ»ΓÄ
»ΓÄ»ΓÄ»ΓÄ»[1/34]ΓÄ»[22m[39m

[41m[1m FAIL [22m[49m 
src/components/risk/KillSwitchPanel.test.tsx[2m [ 
src/components/risk/KillSwitchPanel.test.tsx ][22m
[31m[1mError[22m: Failed to resolve import "@/lib/supabase" from 
"src/components/risk/KillSwitchPanel.test.tsx". Does the file 
exist?[39m
  Plugin: [35mvite:import-analysis[39m
  File: [36mC:/Users/ccana/Documents/augment-projects/akiva-ai-cryp
to/src/components/risk/KillSwitchPanel.test.tsx[39m:5:0
[33m  36 |  const __vi_import_2__ = await 
import("@tanstack/react-query");
  37 |  const __vi_import_3__ = await import("./KillSwitchPanel");
  38 |  const __vi_import_4__ = await import("@/lib/supabase");
     |                                       ^
  39 |  
  40 |  import { describe, it, expect, vi, beforeEach } from 
'vitest';[39m
[90m [2mΓ¥»[22m TransformPluginContext._formatLog node_modules/vi
test/node_modules/vite/dist/node/chunks/config.js:[2m28998:43[22m
[39m
[90m [2mΓ¥»[22m TransformPluginContext.error node_modules/vitest/
node_modules/vite/dist/node/chunks/config.js:[2m28995:14[22m[39m
[90m [2mΓ¥»[22m normalizeUrl node_modules/vitest/node_modules/vit
e/dist/node/chunks/config.js:[2m27118:18[22m[39m
[90m [2mΓ¥»[22m node_modules/vitest/node_modules/vite/dist/node/c
hunks/config.js:[2m27176:32[22m[39m
[90m [2mΓ¥»[22m TransformPluginContext.transform node_modules/vit
est/node_modules/vite/dist/node/chunks/config.js:[2m27144:4[22m[3
9m
[90m [2mΓ¥»[22m EnvironmentPluginContainer.transform node_modules
/vitest/node_modules/vite/dist/node/chunks/config.js:[2m28796:14[2
2m[39m
[90m [2mΓ¥»[22m loadAndTransform node_modules/vitest/node_modules
/vite/dist/node/chunks/config.js:[2m22669:26[22m[39m

[31m[2mΓÄ»ΓÄ»ΓÄ»ΓÄ»ΓÄ»ΓÄ»ΓÄ»ΓÄ»ΓÄ»ΓÄ»ΓÄ»ΓÄ»ΓÄ»ΓÄ»ΓÄ»ΓÄ»ΓÄ»ΓÄ»ΓÄ»ΓÄ
»ΓÄ»ΓÄ»ΓÄ»[2/34]ΓÄ»[22m[39m


[31mΓÄ»ΓÄ»ΓÄ»ΓÄ»ΓÄ»ΓÄ»[39m[1m[41m Failed Tests 32 
[49m[22m[31mΓÄ»ΓÄ»ΓÄ»ΓÄ»ΓÄ»ΓÄ»ΓÄ»[39m

[41m[1m FAIL [22m[49m 
src/components/dashboard/RiskGauge.test.tsx[2m > [22mRiskGauge 
Component[2m > [22mValue Display[2m > [22mshould display the 
correct value
[31m[1mTestingLibraryElementError[22m: Unable to find an element 
with the text: 75. This could be because the text is broken up by 
multiple elements. In this case, you can provide a function for 
your text matcher to make your matcher more flexible.

Ignored nodes: comments, script, style
[36m<body>[31m
  [36m<div>[31m
    [36m<div[31m
      [33mclass[31m=[32m"flex flex-col items-center"[31m
    [36m>[31m
      [36m<div[31m
        [33mclass[31m=[32m"relative w-32 h-16 
overflow-hidden"[31m
      [36m>[31m
        [36m<div[31m
          [33mclass[31m=[32m"absolute inset-0 border-8 
border-muted rounded-t-full border-b-0"[31m
        [36m/>[31m
        [36m<div[31m
          [33mclass[31m=[32m"absolute inset-0 border-8 
rounded-t-full border-b-0 transition-all duration-500 
border-destructive"[31m
          [33mstyle[31m=[32m"clip-path: polygon(0 100%, 0 0, 50% 
0, 50% 100%);"[31m
        [36m/>[31m
        [36m<div[31m
          [33mclass[31m=[32m"absolute bottom-0 left-1/2 w-1 h-14 
bg-foreground origin-bottom transition-transform duration-500"[31m
          [33mstyle[31m=[32m"transform: translateX(-50%) 
rotate(45deg);"[31m
        [36m>[31m
          [36m<div[31m
            [33mclass[31m=[32m"w-3 h-3 rounded-full 
bg-foreground -translate-x-1"[31m
          [36m/>[31m
        [36m</div>[31m
        [36m<div[31m
          [33mclass[31m=[32m"absolute bottom-0 left-1/2 
-translate-x-1/2 w-4 h-4 rounded-full bg-card border-2 
border-border"[31m
        [36m/>[31m
      [36m</div>[31m
      [36m<div[31m
        [33mclass[31m=[32m"mt-2 text-center"[31m
      [36m>[31m
        [36m<span[31m
          [33mclass[31m=[32m"text-2xl font-mono font-bold 
text-destructive"[31m
        [36m>[31m
          [0m75[0m
          [0m%[0m
        [36m</span>[31m
        [36m<p[31m
          [33mclass[31m=[32m"text-xs text-muted-foreground 
mt-1"[31m
        [36m>[31m
          [0mTest[0m
        [36m</p>[31m
      [36m</div>[31m
    [36m</div>[31m
  [36m</div>[31m
[36m</body>[31m[39m
[90m [2mΓ¥»[22m Object.getElementError 
node_modules/@testing-library/dom/dist/config.js:[2m37:19[22m[39m
[90m [2mΓ¥»[22m node_modules/@testing-library/dom/dist/query-help
ers.js:[2m76:38[22m[39m
[90m [2mΓ¥»[22m node_modules/@testing-library/dom/dist/query-help
ers.js:[2m52:17[22m[39m
[90m [2mΓ¥»[22m getByText node_modules/@testing-library/dom/dist/
query-helpers.js:[2m95:19[22m[39m
[36m [2mΓ¥»[22m 
src/components/dashboard/RiskGauge.test.tsx:[2m26:21[22m[39m
    [90m 24| [39m    [34mit[39m([32m'should display the 
correct value'[39m[33m,[39m () [33m=>[39m {
    [90m 25| [39m      
[34mrender[39m([33m<[39m[33mRiskGauge[39m 
[33mvalue[39m[33m=[39m[33m{[39m[34m75[39m[33m}[39m 
[33mlabel[39m[33m=[39m[32m"Test"[39m 
[33m/[39m[33m>[39m)[33m;[39m
    [90m 26| [39m      [34mexpect[39m(screen[33m.[39m[34mgetB
yText[39m([32m'75'[39m))[33m.[39m[34mtoBeInTheDocument[39m()
[33m;[39m
    [90m   | [39m                    [31m^[39m
    [90m 27| [39m    })[33m;[39m
    [90m 28| [39m

[31m[2mΓÄ»ΓÄ»ΓÄ»ΓÄ»ΓÄ»ΓÄ»ΓÄ»ΓÄ»ΓÄ»ΓÄ»ΓÄ»ΓÄ»ΓÄ»ΓÄ»ΓÄ»ΓÄ»ΓÄ»ΓÄ»ΓÄ»ΓÄ
»ΓÄ»ΓÄ»ΓÄ»[3/34]ΓÄ»[22m[39m

[41m[1m FAIL [22m[49m 
src/components/dashboard/RiskGauge.test.tsx[2m > [22mRiskGauge 
Component[2m > [22mValue Display[2m > [22mshould display 
percentage when value is less than max
[31m[1mTestingLibraryElementError[22m: Unable to find an element 
with the text: 50. This could be because the text is broken up by 
multiple elements. In this case, you can provide a function for 
your text matcher to make your matcher more flexible.

Ignored nodes: comments, script, style
[36m<body>[31m
  [36m<div>[31m
    [36m<div[31m
      [33mclass[31m=[32m"flex flex-col items-center"[31m
    [36m>[31m
      [36m<div[31m
        [33mclass[31m=[32m"relative w-32 h-16 
overflow-hidden"[31m
      [36m>[31m
        [36m<div[31m
          [33mclass[31m=[32m"absolute inset-0 border-8 
border-muted rounded-t-full border-b-0"[31m
        [36m/>[31m
        [36m<div[31m
          [33mclass[31m=[32m"absolute inset-0 border-8 
rounded-t-full border-b-0 transition-all duration-500 
border-warning"[31m
          [33mstyle[31m=[32m"clip-path: polygon(0 100%, 0 0, 50% 
0, 50% 100%);"[31m
        [36m/>[31m
        [36m<div[31m
          [33mclass[31m=[32m"absolute bottom-0 left-1/2 w-1 h-14 
bg-foreground origin-bottom transition-transform duration-500"[31m
          [33mstyle[31m=[32m"transform: translateX(-50%) 
rotate(0deg);"[31m
        [36m>[31m
          [36m<div[31m
            [33mclass[31m=[32m"w-3 h-3 rounded-full 
bg-foreground -translate-x-1"[31m
          [36m/>[31m
        [36m</div>[31m
        [36m<div[31m
          [33mclass[31m=[32m"absolute bottom-0 left-1/2 
-translate-x-1/2 w-4 h-4 rounded-full bg-card border-2 
border-border"[31m
        [36m/>[31m
      [36m</div>[31m
      [36m<div[31m
        [33mclass[31m=[32m"mt-2 text-center"[31m
      [36m>[31m
        [36m<span[31m
          [33mclass[31m=[32m"text-2xl font-mono font-bold 
text-warning"[31m
        [36m>[31m
          [0m50[0m
          [0m%[0m
        [36m</span>[31m
        [36m<p[31m
          [33mclass[31m=[32m"text-xs text-muted-foreground 
mt-1"[31m
        [36m>[31m
          [0mTest[0m
        [36m</p>[31m
      [36m</div>[31m
    [36m</div>[31m
  [36m</div>[31m
[36m</body>[31m[39m
[90m [2mΓ¥»[22m Object.getElementError 
node_modules/@testing-library/dom/dist/config.js:[2m37:19[22m[39m
[90m [2mΓ¥»[22m node_modules/@testing-library/dom/dist/query-help
ers.js:[2m76:38[22m[39m
[90m [2mΓ¥»[22m node_modules/@testing-library/dom/dist/query-help
ers.js:[2m52:17[22m[39m
[90m [2mΓ¥»[22m getByText node_modules/@testing-library/dom/dist/
query-helpers.js:[2m95:19[22m[39m
[36m [2mΓ¥»[22m 
src/components/dashboard/RiskGauge.test.tsx:[2m31:21[22m[39m
    [90m 29| [39m    [34mit[39m([32m'should display percentage 
when value is less than max'[39m[33m,[39m () [33m=>[39m {
    [90m 30| [39m      
[34mrender[39m([33m<[39m[33mRiskGauge[39m 
[33mvalue[39m[33m=[39m[33m{[39m[34m50[39m[33m}[39m 
[33mmax[39m[33m=[39m[33m{[39m[34m100[39m[33m}[39m 
[33mlabel[39m[33m=[39m[32m"Test"[39m 
[33m/[39m[33m>[39m)[33m;[39m
    [90m 31| [39m      [34mexpect[39m(screen[33m.[39m[34mgetB
yText[39m([32m'50'[39m))[33m.[39m[34mtoBeInTheDocument[39m()
[33m;[39m
    [90m   | [39m                    [31m^[39m
    [90m 32| [39m    })[33m;[39m
    [90m 33| [39m

[31m[2mΓÄ»ΓÄ»ΓÄ»ΓÄ»ΓÄ»ΓÄ»ΓÄ»ΓÄ»ΓÄ»ΓÄ»ΓÄ»ΓÄ»ΓÄ»ΓÄ»ΓÄ»ΓÄ»ΓÄ»ΓÄ»ΓÄ»ΓÄ
»ΓÄ»ΓÄ»ΓÄ»[4/34]ΓÄ»[22m[39m

[41m[1m FAIL [22m[49m 
src/components/dashboard/RiskGauge.test.tsx[2m > [22mRiskGauge 
Component[2m > [22mValue Display[2m > [22mshould handle zero 
value
[31m[1mTestingLibraryElementError[22m: Unable to find an element 
with the text: 0. This could be because the text is broken up by 
multiple elements. In this case, you can provide a function for 
your text matcher to make your matcher more flexible.

Ignored nodes: comments, script, style
[36m<body>[31m
  [36m<div>[31m
    [36m<div[31m
      [33mclass[31m=[32m"flex flex-col items-center"[31m
    [36m>[31m
      [36m<div[31m
        [33mclass[31m=[32m"relative w-32 h-16 
overflow-hidden"[31m
      [36m>[31m
        [36m<div[31m
          [33mclass[31m=[32m"absolute inset-0 border-8 
border-muted rounded-t-full border-b-0"[31m
        [36m/>[31m
        [36m<div[31m
          [33mclass[31m=[32m"absolute inset-0 border-8 
rounded-t-full border-b-0 transition-all duration-500 
border-success"[31m
          [33mstyle[31m=[32m"clip-path: polygon(0 100%, 0 0, 0% 
0, 0% 100%);"[31m
        [36m/>[31m
        [36m<div[31m
          [33mclass[31m=[32m"absolute bottom-0 left-1/2 w-1 h-14 
bg-foreground origin-bottom transition-transform duration-500"[31m
          [33mstyle[31m=[32m"transform: translateX(-50%) 
rotate(-90deg);"[31m
        [36m>[31m
          [36m<div[31m
            [33mclass[31m=[32m"w-3 h-3 rounded-full 
bg-foreground -translate-x-1"[31m
          [36m/>[31m
        [36m</div>[31m
        [36m<div[31m
          [33mclass[31m=[32m"absolute bottom-0 left-1/2 
-translate-x-1/2 w-4 h-4 rounded-full bg-card border-2 
border-border"[31m
        [36m/>[31m
      [36m</div>[31m
      [36m<div[31m
        [33mclass[31m=[32m"mt-2 text-center"[31m
      [36m>[31m
        [36m<span[31m
          [33mclass[31m=[32m"text-2xl font-mono font-bold 
text-success"[31m
        [36m>[31m
          [0m0[0m
          [0m%[0m
        [36m</span>[31m
        [36m<p[31m
          [33mclass[31m=[32m"text-xs text-muted-foreground 
mt-1"[31m
        [36m>[31m
          [0mTest[0m
        [36m</p>[31m
      [36m</div>[31m
    [36m</div>[31m
  [36m</div>[31m
[36m</body>[31m[39m
[90m [2mΓ¥»[22m Object.getElementError 
node_modules/@testing-library/dom/dist/config.js:[2m37:19[22m[39m
[90m [2mΓ¥»[22m node_modules/@testing-library/dom/dist/query-help
ers.js:[2m76:38[22m[39m
[90m [2mΓ¥»[22m node_modules/@testing-library/dom/dist/query-help
ers.js:[2m52:17[22m[39m
[90m [2mΓ¥»[22m getByText node_modules/@testing-library/dom/dist/
query-helpers.js:[2m95:19[22m[39m
[36m [2mΓ¥»[22m 
src/components/dashboard/RiskGauge.test.tsx:[2m36:21[22m[39m
    [90m 34| [39m    [34mit[39m([32m'should handle zero 
value'[39m[33m,[39m () [33m=>[39m {
    [90m 35| [39m      
[34mrender[39m([33m<[39m[33mRiskGauge[39m 
[33mvalue[39m[33m=[39m[33m{[39m[34m0[39m[33m}[39m 
[33mlabel[39m[33m=[39m[32m"Test"[39m 
[33m/[39m[33m>[39m)[33m;[39m
    [90m 36| [39m      [34mexpect[39m(screen[33m.[39m[34mgetB
yText[39m([32m'0'[39m))[33m.[39m[34mtoBeInTheDocument[39m()[
33m;[39m
    [90m   | [39m                    [31m^[39m
    [90m 37| [39m    })[33m;[39m
    [90m 38| [39m

[31m[2mΓÄ»ΓÄ»ΓÄ»ΓÄ»ΓÄ»ΓÄ»ΓÄ»ΓÄ»ΓÄ»ΓÄ»ΓÄ»ΓÄ»ΓÄ»ΓÄ»ΓÄ»ΓÄ»ΓÄ»ΓÄ»ΓÄ»ΓÄ
»ΓÄ»ΓÄ»ΓÄ»[5/34]ΓÄ»[22m[39m

[41m[1m FAIL [22m[49m 
src/components/dashboard/RiskGauge.test.tsx[2m > [22mRiskGauge 
Component[2m > [22mValue Display[2m > [22mshould handle max 
value
[31m[1mTestingLibraryElementError[22m: Unable to find an element 
with the text: 100. This could be because the text is broken up by 
multiple elements. In this case, you can provide a function for 
your text matcher to make your matcher more flexible.

Ignored nodes: comments, script, style
[36m<body>[31m
  [36m<div>[31m
    [36m<div[31m
      [33mclass[31m=[32m"flex flex-col items-center"[31m
    [36m>[31m
      [36m<div[31m
        [33mclass[31m=[32m"relative w-32 h-16 
overflow-hidden"[31m
      [36m>[31m
        [36m<div[31m
          [33mclass[31m=[32m"absolute inset-0 border-8 
border-muted rounded-t-full border-b-0"[31m
        [36m/>[31m
        [36m<div[31m
          [33mclass[31m=[32m"absolute inset-0 border-8 
rounded-t-full border-b-0 transition-all duration-500 
border-destructive"[31m
          [33mstyle[31m=[32m"clip-path: polygon(0 100%, 0 0, 50% 
0, 50% 100%);"[31m
        [36m/>[31m
        [36m<div[31m
          [33mclass[31m=[32m"absolute bottom-0 left-1/2 w-1 h-14 
bg-foreground origin-bottom transition-transform duration-500"[31m
          [33mstyle[31m=[32m"transform: translateX(-50%) 
rotate(90deg);"[31m
        [36m>[31m
          [36m<div[31m
            [33mclass[31m=[32m"w-3 h-3 rounded-full 
bg-foreground -translate-x-1"[31m
          [36m/>[31m
        [36m</div>[31m
        [36m<div[31m
          [33mclass[31m=[32m"absolute bottom-0 left-1/2 
-translate-x-1/2 w-4 h-4 rounded-full bg-card border-2 
border-border"[31m
        [36m/>[31m
      [36m</div>[31m
      [36m<div[31m
        [33mclass[31m=[32m"mt-2 text-center"[31m
      [36m>[31m
        [36m<span[31m
          [33mclass[31m=[32m"text-2xl font-mono font-bold 
text-destructive"[31m
        [36m>[31m
          [0m100[0m
          [0m%[0m
        [36m</span>[31m
        [36m<p[31m
          [33mclass[31m=[32m"text-xs text-muted-foreground 
mt-1"[31m
        [36m>[31m
          [0mTest[0m
        [36m</p>[31m
      [36m</div>[31m
    [36m</div>[31m
  [36m</div>[31m
[36m</body>[31m[39m
[90m [2mΓ¥»[22m Object.getElementError 
node_modules/@testing-library/dom/dist/config.js:[2m37:19[22m[39m
[90m [2mΓ¥»[22m node_modules/@testing-library/dom/dist/query-help
ers.js:[2m76:38[22m[39m
[90m [2mΓ¥»[22m node_modules/@testing-library/dom/dist/query-help
ers.js:[2m52:17[22m[39m
[90m [2mΓ¥»[22m getByText node_modules/@testing-library/dom/dist/
query-helpers.js:[2m95:19[22m[39m
[36m [2mΓ¥»[22m 
src/components/dashboard/RiskGauge.test.tsx:[2m41:21[22m[39m
    [90m 39| [39m    [34mit[39m([32m'should handle max 
value'[39m[33m,[39m () [33m=>[39m {
    [90m 40| [39m      
[34mrender[39m([33m<[39m[33mRiskGauge[39m 
[33mvalue[39m[33m=[39m[33m{[39m[34m100[39m[33m}[39m 
[33mmax[39m[33m=[39m[33m{[39m[34m100[39m[33m}[39m 
[33mlabel[39m[33m=[39m[32m"Test"[39m 
[33m/[39m[33m>[39m)[33m;[39m
    [90m 41| [39m      [34mexpect[39m(screen[33m.[39m[34mgetB
yText[39m([32m'100'[39m))[33m.[39m[34mtoBeInTheDocument[39m()
[33m;[39m
    [90m   | [39m                    [31m^[39m
    [90m 42| [39m    })[33m;[39m
    [90m 43| [39m  })[33m;[39m

[31m[2mΓÄ»ΓÄ»ΓÄ»ΓÄ»ΓÄ»ΓÄ»ΓÄ»ΓÄ»ΓÄ»ΓÄ»ΓÄ»ΓÄ»ΓÄ»ΓÄ»ΓÄ»ΓÄ»ΓÄ»ΓÄ»ΓÄ»ΓÄ
»ΓÄ»ΓÄ»ΓÄ»[6/34]ΓÄ»[22m[39m

[41m[1m FAIL [22m[49m 
src/components/dashboard/RiskGauge.test.tsx[2m > [22mRiskGauge 
Component[2m > [22mEdge Cases[2m > [22mshould handle decimal 
values
[31m[1mTestingLibraryElementError[22m: Unable to find an element 
with the text: 45.5. This could be because the text is broken up by 
multiple elements. In this case, you can provide a function for 
your text matcher to make your matcher more flexible.

Ignored nodes: comments, script, style
[36m<body>[31m
  [36m<div>[31m
    [36m<div[31m
      [33mclass[31m=[32m"flex flex-col items-center"[31m
    [36m>[31m
      [36m<div[31m
        [33mclass[31m=[32m"relative w-32 h-16 
overflow-hidden"[31m
      [36m>[31m
        [36m<div[31m
          [33mclass[31m=[32m"absolute inset-0 border-8 
border-muted rounded-t-full border-b-0"[31m
        [36m/>[31m
        [36m<div[31m
          [33mclass[31m=[32m"absolute inset-0 border-8 
rounded-t-full border-b-0 transition-all duration-500 
border-success"[31m
          [33mstyle[31m=[32m"clip-path: polygon(0 100%, 0 0, 
45.5% 0, 45.5% 100%);"[31m
        [36m/>[31m
        [36m<div[31m
          [33mclass[31m=[32m"absolute bottom-0 left-1/2 w-1 h-14 
bg-foreground origin-bottom transition-transform duration-500"[31m
          [33mstyle[31m=[32m"transform: translateX(-50%) 
rotate(-8.099999999999994deg);"[31m
        [36m>[31m
          [36m<div[31m
            [33mclass[31m=[32m"w-3 h-3 rounded-full 
bg-foreground -translate-x-1"[31m
          [36m/>[31m
        [36m</div>[31m
        [36m<div[31m
          [33mclass[31m=[32m"absolute bottom-0 left-1/2 
-translate-x-1/2 w-4 h-4 rounded-full bg-card border-2 
border-border"[31m
        [36m/>[31m
      [36m</div>[31m
      [36m<div[31m
        [33mclass[31m=[32m"mt-2 text-center"[31m
      [36m>[31m
        [36m<span[31m
          [33mclass[31m=[32m"text-2xl font-mono font-bold 
text-success"[31m
        [36m>[31m
          [0m46[0m
          [0m%[0m
        [36m</span>[31m
        [36m<p[31m
          [33mclass[31m=[32m"text-xs text-muted-foreground 
mt-1"[31m
        [36m>[31m
          [0mTest[0m
        [36m</p>[31m
      [36m</div>[31m
    [36m</div>[31m
  [36m</div>[31m
[36m</body>[31m[39m
[90m [2mΓ¥»[22m Object.getElementError 
node_modules/@testing-library/dom/dist/config.js:[2m37:19[22m[39m
[90m [2mΓ¥»[22m node_modules/@testing-library/dom/dist/query-help
ers.js:[2m76:38[22m[39m
[90m [2mΓ¥»[22m node_modules/@testing-library/dom/dist/query-help
ers.js:[2m52:17[22m[39m
[90m [2mΓ¥»[22m getByText node_modules/@testing-library/dom/dist/
query-helpers.js:[2m95:19[22m[39m
[36m [2mΓ¥»[22m 
src/components/dashboard/RiskGauge.test.tsx:[2m90:21[22m[39m
    [90m 88| [39m    [34mit[39m([32m'should handle decimal 
values'[39m[33m,[39m () [33m=>[39m {
    [90m 89| [39m      
[34mrender[39m([33m<[39m[33mRiskGauge[39m 
[33mvalue[39m[33m=[39m[33m{[39m[34m45.5[39m[33m}[39m 
[33mmax[39m[33m=[39m[33m{[39m[34m100[39m[33m}[39m 
[33mlabel[39m[33m=[39m[32m"Test"[39m 
[33m/[39m[33m>[39m)[33m;[39m
    [90m 90| [39m      [34mexpect[39m(screen[33m.[39m[34mgetB
yText[39m([32m'45.5'[39m))[33m.[39m[34mtoBeInTheDocument[39m(
)[33m;[39m
    [90m   | [39m                    [31m^[39m
    [90m 91| [39m    })[33m;[39m
    [90m 92| [39m  })[33m;[39m

[31m[2mΓÄ»ΓÄ»ΓÄ»ΓÄ»ΓÄ»ΓÄ»ΓÄ»ΓÄ»ΓÄ»ΓÄ»ΓÄ»ΓÄ»ΓÄ»ΓÄ»ΓÄ»ΓÄ»ΓÄ»ΓÄ»ΓÄ»ΓÄ
»ΓÄ»ΓÄ»ΓÄ»[7/34]ΓÄ»[22m[39m

[41m[1m FAIL [22m[49m 
src/components/dashboard/RiskGauge.test.tsx[2m > [22mRiskGauge 
Component[2m > [22mPercentage Calculation[2m > [22mshould 
calculate 0% correctly
[31m[1mTestingLibraryElementError[22m: Unable to find an element 
with the text: 0. This could be because the text is broken up by 
multiple elements. In this case, you can provide a function for 
your text matcher to make your matcher more flexible.

Ignored nodes: comments, script, style
[36m<body>[31m
  [36m<div>[31m
    [36m<div[31m
      [33mclass[31m=[32m"flex flex-col items-center"[31m
    [36m>[31m
      [36m<div[31m
        [33mclass[31m=[32m"relative w-32 h-16 
overflow-hidden"[31m
      [36m>[31m
        [36m<div[31m
          [33mclass[31m=[32m"absolute inset-0 border-8 
border-muted rounded-t-full border-b-0"[31m
        [36m/>[31m
        [36m<div[31m
          [33mclass[31m=[32m"absolute inset-0 border-8 
rounded-t-full border-b-0 transition-all duration-500 
border-success"[31m
          [33mstyle[31m=[32m"clip-path: polygon(0 100%, 0 0, 0% 
0, 0% 100%);"[31m
        [36m/>[31m
        [36m<div[31m
          [33mclass[31m=[32m"absolute bottom-0 left-1/2 w-1 h-14 
bg-foreground origin-bottom transition-transform duration-500"[31m
          [33mstyle[31m=[32m"transform: translateX(-50%) 
rotate(-90deg);"[31m
        [36m>[31m
          [36m<div[31m
            [33mclass[31m=[32m"w-3 h-3 rounded-full 
bg-foreground -translate-x-1"[31m
          [36m/>[31m
        [36m</div>[31m
        [36m<div[31m
          [33mclass[31m=[32m"absolute bottom-0 left-1/2 
-translate-x-1/2 w-4 h-4 rounded-full bg-card border-2 
border-border"[31m
        [36m/>[31m
      [36m</div>[31m
      [36m<div[31m
        [33mclass[31m=[32m"mt-2 text-center"[31m
      [36m>[31m
        [36m<span[31m
          [33mclass[31m=[32m"text-2xl font-mono font-bold 
text-success"[31m
        [36m>[31m
          [0m0[0m
          [0m%[0m
        [36m</span>[31m
        [36m<p[31m
          [33mclass[31m=[32m"text-xs text-muted-foreground 
mt-1"[31m
        [36m>[31m
          [0mTest[0m
        [36m</p>[31m
      [36m</div>[31m
    [36m</div>[31m
  [36m</div>[31m
[36m</body>[31m[39m
[90m [2mΓ¥»[22m Object.getElementError 
node_modules/@testing-library/dom/dist/config.js:[2m37:19[22m[39m
[90m [2mΓ¥»[22m node_modules/@testing-library/dom/dist/query-help
ers.js:[2m76:38[22m[39m
[90m [2mΓ¥»[22m node_modules/@testing-library/dom/dist/query-help
ers.js:[2m52:17[22m[39m
[90m [2mΓ¥»[22m getByText node_modules/@testing-library/dom/dist/
query-helpers.js:[2m95:19[22m[39m
[36m [2mΓ¥»[22m 
src/components/dashboard/RiskGauge.test.tsx:[2m125:21[22m[39m
    [90m123| [39m    [34mit[39m([32m'should calculate 0% 
correctly'[39m[33m,[39m () [33m=>[39m {
    [90m124| [39m      
[34mrender[39m([33m<[39m[33mRiskGauge[39m 
[33mvalue[39m[33m=[39m[33m{[39m[34m0[39m[33m}[39m 
[33mmax[39m[33m=[39m[33m{[39m[34m100[39m[33m}[39m 
[33mlabel[39m[33m=[39m[32m"Test"[39m 
[33m/[39m[33m>[39m)[33m;[39m
    [90m125| [39m      [34mexpect[39m(screen[33m.[39m[34mgetB
yText[39m([32m'0'[39m))[33m.[39m[34mtoBeInTheDocument[39m()[
33m;[39m
    [90m   | [39m                    [31m^[39m
    [90m126| [39m    })[33m;[39m
    [90m127| [39m

[31m[2mΓÄ»ΓÄ»ΓÄ»ΓÄ»ΓÄ»ΓÄ»ΓÄ»ΓÄ»ΓÄ»ΓÄ»ΓÄ»ΓÄ»ΓÄ»ΓÄ»ΓÄ»ΓÄ»ΓÄ»ΓÄ»ΓÄ»ΓÄ
»ΓÄ»ΓÄ»ΓÄ»[8/34]ΓÄ»[22m[39m

[41m[1m FAIL [22m[49m 
src/components/dashboard/RiskGauge.test.tsx[2m > [22mRiskGauge 
Component[2m > [22mPercentage Calculation[2m > [22mshould 
calculate 50% correctly
[31m[1mTestingLibraryElementError[22m: Unable to find an element 
with the text: 50. This could be because the text is broken up by 
multiple elements. In this case, you can provide a function for 
your text matcher to make your matcher more flexible.

Ignored nodes: comments, script, style
[36m<body>[31m
  [36m<div>[31m
    [36m<div[31m
      [33mclass[31m=[32m"flex flex-col items-center"[31m
    [36m>[31m
      [36m<div[31m
        [33mclass[31m=[32m"relative w-32 h-16 
overflow-hidden"[31m
      [36m>[31m
        [36m<div[31m
          [33mclass[31m=[32m"absolute inset-0 border-8 
border-muted rounded-t-full border-b-0"[31m
        [36m/>[31m
        [36m<div[31m
          [33mclass[31m=[32m"absolute inset-0 border-8 
rounded-t-full border-b-0 transition-all duration-500 
border-warning"[31m
          [33mstyle[31m=[32m"clip-path: polygon(0 100%, 0 0, 50% 
0, 50% 100%);"[31m
        [36m/>[31m
        [36m<div[31m
          [33mclass[31m=[32m"absolute bottom-0 left-1/2 w-1 h-14 
bg-foreground origin-bottom transition-transform duration-500"[31m
          [33mstyle[31m=[32m"transform: translateX(-50%) 
rotate(0deg);"[31m
        [36m>[31m
          [36m<div[31m
            [33mclass[31m=[32m"w-3 h-3 rounded-full 
bg-foreground -translate-x-1"[31m
          [36m/>[31m
        [36m</div>[31m
        [36m<div[31m
          [33mclass[31m=[32m"absolute bottom-0 left-1/2 
-translate-x-1/2 w-4 h-4 rounded-full bg-card border-2 
border-border"[31m
        [36m/>[31m
      [36m</div>[31m
      [36m<div[31m
        [33mclass[31m=[32m"mt-2 text-center"[31m
      [36m>[31m
        [36m<span[31m
          [33mclass[31m=[32m"text-2xl font-mono font-bold 
text-warning"[31m
        [36m>[31m
          [0m50[0m
          [0m%[0m
        [36m</span>[31m
        [36m<p[31m
          [33mclass[31m=[32m"text-xs text-muted-foreground 
mt-1"[31m
        [36m>[31m
          [0mTest[0m
        [36m</p>[31m
      [36m</div>[31m
    [36m</div>[31m
  [36m</div>[31m
[36m</body>[31m[39m
[90m [2mΓ¥»[22m Object.getElementError 
node_modules/@testing-library/dom/dist/config.js:[2m37:19[22m[39m
[90m [2mΓ¥»[22m node_modules/@testing-library/dom/dist/query-help
ers.js:[2m76:38[22m[39m
[90m [2mΓ¥»[22m node_modules/@testing-library/dom/dist/query-help
ers.js:[2m52:17[22m[39m
[90m [2mΓ¥»[22m getByText node_modules/@testing-library/dom/dist/
query-helpers.js:[2m95:19[22m[39m
[36m [2mΓ¥»[22m 
src/components/dashboard/RiskGauge.test.tsx:[2m130:21[22m[39m
    [90m128| [39m    [34mit[39m([32m'should calculate 50% 
correctly'[39m[33m,[39m () [33m=>[39m {
    [90m129| [39m      
[34mrender[39m([33m<[39m[33mRiskGauge[39m 
[33mvalue[39m[33m=[39m[33m{[39m[34m50[39m[33m}[39m 
[33mmax[39m[33m=[39m[33m{[39m[34m100[39m[33m}[39m 
[33mlabel[39m[33m=[39m[32m"Test"[39m 
[33m/[39m[33m>[39m)[33m;[39m
    [90m130| [39m      [34mexpect[39m(screen[33m.[39m[34mgetB
yText[39m([32m'50'[39m))[33m.[39m[34mtoBeInTheDocument[39m()
[33m;[39m
    [90m   | [39m                    [31m^[39m
    [90m131| [39m    })[33m;[39m
    [90m132| [39m

[31m[2mΓÄ»ΓÄ»ΓÄ»ΓÄ»ΓÄ»ΓÄ»ΓÄ»ΓÄ»ΓÄ»ΓÄ»ΓÄ»ΓÄ»ΓÄ»ΓÄ»ΓÄ»ΓÄ»ΓÄ»ΓÄ»ΓÄ»ΓÄ
»ΓÄ»ΓÄ»ΓÄ»[9/34]ΓÄ»[22m[39m

[41m[1m FAIL [22m[49m 
src/components/dashboard/RiskGauge.test.tsx[2m > [22mRiskGauge 
Component[2m > [22mPercentage Calculation[2m > [22mshould 
calculate 100% correctly
[31m[1mTestingLibraryElementError[22m: Unable to find an element 
with the text: 100. This could be because the text is broken up by 
multiple elements. In this case, you can provide a function for 
your text matcher to make your matcher more flexible.

Ignored nodes: comments, script, style
[36m<body>[31m
  [36m<div>[31m
    [36m<div[31m
      [33mclass[31m=[32m"flex flex-col items-center"[31m
    [36m>[31m
      [36m<div[31m
        [33mclass[31m=[32m"relative w-32 h-16 
overflow-hidden"[31m
      [36m>[31m
        [36m<div[31m
          [33mclass[31m=[32m"absolute inset-0 border-8 
border-muted rounded-t-full border-b-0"[31m
        [36m/>[31m
        [36m<div[31m
          [33mclass[31m=[32m"absolute inset-0 border-8 
rounded-t-full border-b-0 transition-all duration-500 
border-destructive"[31m
          [33mstyle[31m=[32m"clip-path: polygon(0 100%, 0 0, 50% 
0, 50% 100%);"[31m
        [36m/>[31m
        [36m<div[31m
          [33mclass[31m=[32m"absolute bottom-0 left-1/2 w-1 h-14 
bg-foreground origin-bottom transition-transform duration-500"[31m
          [33mstyle[31m=[32m"transform: translateX(-50%) 
rotate(90deg);"[31m
        [36m>[31m
          [36m<div[31m
            [33mclass[31m=[32m"w-3 h-3 rounded-full 
bg-foreground -translate-x-1"[31m
          [36m/>[31m
        [36m</div>[31m
        [36m<div[31m
          [33mclass[31m=[32m"absolute bottom-0 left-1/2 
-translate-x-1/2 w-4 h-4 rounded-full bg-card border-2 
border-border"[31m
        [36m/>[31m
      [36m</div>[31m
      [36m<div[31m
        [33mclass[31m=[32m"mt-2 text-center"[31m
      [36m>[31m
        [36m<span[31m
          [33mclass[31m=[32m"text-2xl font-mono font-bold 
text-destructive"[31m
        [36m>[31m
          [0m100[0m
          [0m%[0m
        [36m</span>[31m
        [36m<p[31m
          [33mclass[31m=[32m"text-xs text-muted-foreground 
mt-1"[31m
        [36m>[31m
          [0mTest[0m
        [36m</p>[31m
      [36m</div>[31m
    [36m</div>[31m
  [36m</div>[31m
[36m</body>[31m[39m
[90m [2mΓ¥»[22m Object.getElementError 
node_modules/@testing-library/dom/dist/config.js:[2m37:19[22m[39m
[90m [2mΓ¥»[22m node_modules/@testing-library/dom/dist/query-help
ers.js:[2m76:38[22m[39m
[90m [2mΓ¥»[22m node_modules/@testing-library/dom/dist/query-help
ers.js:[2m52:17[22m[39m
[90m [2mΓ¥»[22m getByText node_modules/@testing-library/dom/dist/
query-helpers.js:[2m95:19[22m[39m
[36m [2mΓ¥»[22m 
src/components/dashboard/RiskGauge.test.tsx:[2m135:21[22m[39m
    [90m133| [39m    [34mit[39m([32m'should calculate 100% 
correctly'[39m[33m,[39m () [33m=>[39m {
    [90m134| [39m      
[34mrender[39m([33m<[39m[33mRiskGauge[39m 
[33mvalue[39m[33m=[39m[33m{[39m[34m100[39m[33m}[39m 
[33mmax[39m[33m=[39m[33m{[39m[34m100[39m[33m}[39m 
[33mlabel[39m[33m=[39m[32m"Test"[39m 
[33m/[39m[33m>[39m)[33m;[39m
    [90m135| [39m      [34mexpect[39m(screen[33m.[39m[34mgetB
yText[39m([32m'100'[39m))[33m.[39m[34mtoBeInTheDocument[39m()
[33m;[39m
    [90m   | [39m                    [31m^[39m
    [90m136| [39m    })[33m;[39m
    [90m137| [39m

[31m[2mΓÄ»ΓÄ»ΓÄ»ΓÄ»ΓÄ»ΓÄ»ΓÄ»ΓÄ»ΓÄ»ΓÄ»ΓÄ»ΓÄ»ΓÄ»ΓÄ»ΓÄ»ΓÄ»ΓÄ»ΓÄ»ΓÄ»ΓÄ
»ΓÄ»ΓÄ»[10/34]ΓÄ»[22m[39m

[41m[1m FAIL [22m[49m 
src/components/dashboard/RiskGauge.test.tsx[2m > [22mRiskGauge 
Component[2m > [22mPercentage Calculation[2m > [22mshould 
calculate percentage with custom max
[31m[1mTestingLibraryElementError[22m: Unable to find an element 
with the text: 100. This could be because the text is broken up by 
multiple elements. In this case, you can provide a function for 
your text matcher to make your matcher more flexible.

Ignored nodes: comments, script, style
[36m<body>[31m
  [36m<div>[31m
    [36m<div[31m
      [33mclass[31m=[32m"flex flex-col items-center"[31m
    [36m>[31m
      [36m<div[31m
        [33mclass[31m=[32m"relative w-32 h-16 
overflow-hidden"[31m
      [36m>[31m
        [36m<div[31m
          [33mclass[31m=[32m"absolute inset-0 border-8 
border-muted rounded-t-full border-b-0"[31m
        [36m/>[31m
        [36m<div[31m
          [33mclass[31m=[32m"absolute inset-0 border-8 
rounded-t-full border-b-0 transition-all duration-500 
border-warning"[31m
          [33mstyle[31m=[32m"clip-path: polygon(0 100%, 0 0, 50% 
0, 50% 100%);"[31m
        [36m/>[31m
        [36m<div[31m
          [33mclass[31m=[32m"absolute bottom-0 left-1/2 w-1 h-14 
bg-foreground origin-bottom transition-transform duration-500"[31m
          [33mstyle[31m=[32m"transform: translateX(-50%) 
rotate(0deg);"[31m
        [36m>[31m
          [36m<div[31m
            [33mclass[31m=[32m"w-3 h-3 rounded-full 
bg-foreground -translate-x-1"[31m
          [36m/>[31m
        [36m</div>[31m
        [36m<div[31m
          [33mclass[31m=[32m"absolute bottom-0 left-1/2 
-translate-x-1/2 w-4 h-4 rounded-full bg-card border-2 
border-border"[31m
        [36m/>[31m
      [36m</div>[31m
      [36m<div[31m
        [33mclass[31m=[32m"mt-2 text-center"[31m
      [36m>[31m
        [36m<span[31m
          [33mclass[31m=[32m"text-2xl font-mono font-bold 
text-warning"[31m
        [36m>[31m
          [0m100[0m
          [0m%[0m
        [36m</span>[31m
        [36m<p[31m
          [33mclass[31m=[32m"text-xs text-muted-foreground 
mt-1"[31m
        [36m>[31m
          [0mTest[0m
        [36m</p>[31m
      [36m</div>[31m
    [36m</div>[31m
  [36m</div>[31m
[36m</body>[31m[39m
[90m [2mΓ¥»[22m Object.getElementError 
node_modules/@testing-library/dom/dist/config.js:[2m37:19[22m[39m
[90m [2mΓ¥»[22m node_modules/@testing-library/dom/dist/query-help
ers.js:[2m76:38[22m[39m
[90m [2mΓ¥»[22m node_modules/@testing-library/dom/dist/query-help
ers.js:[2m52:17[22m[39m
[90m [2mΓ¥»[22m getByText node_modules/@testing-library/dom/dist/
query-helpers.js:[2m95:19[22m[39m
[36m [2mΓ¥»[22m 
src/components/dashboard/RiskGauge.test.tsx:[2m140:21[22m[39m
    [90m138| [39m    [34mit[39m([32m'should calculate 
percentage with custom max'[39m[33m,[39m () [33m=>[39m {
    [90m139| [39m      
[34mrender[39m([33m<[39m[33mRiskGauge[39m 
[33mvalue[39m[33m=[39m[33m{[39m[34m100[39m[33m}[39m 
[33mmax[39m[33m=[39m[33m{[39m[34m200[39m[33m}[39m 
[33mlabel[39m[33m=[39m[32m"Test"[39m 
[33m/[39m[33m>[39m)[33m;[39m
    [90m140| [39m      [34mexpect[39m(screen[33m.[39m[34mgetB
yText[39m([32m'100'[39m))[33m.[39m[34mtoBeInTheDocument[39m()
[33m;[39m
    [90m   | [39m                    [31m^[39m
    [90m141| [39m      [90m// 100/200 = 50%, should show warning 
color[39m
    [90m142| [39m    })[33m;[39m

[31m[2mΓÄ»ΓÄ»ΓÄ»ΓÄ»ΓÄ»ΓÄ»ΓÄ»ΓÄ»ΓÄ»ΓÄ»ΓÄ»ΓÄ»ΓÄ»ΓÄ»ΓÄ»ΓÄ»ΓÄ»ΓÄ»ΓÄ»ΓÄ
»ΓÄ»ΓÄ»[11/34]ΓÄ»[22m[39m

[41m[1m FAIL [22m[49m 
src/components/risk/AdvancedRiskDashboard.test.tsx[2m > 
[22mAdvancedRiskDashboard[2m > [22mBook Selection[2m > 
[22mshould render book selector
[41m[1m FAIL [22m[49m 
src/components/risk/AdvancedRiskDashboard.test.tsx[2m > 
[22mAdvancedRiskDashboard[2m > [22mBook Selection[2m > 
[22mshould show available books
[41m[1m FAIL [22m[49m 
src/components/risk/AdvancedRiskDashboard.test.tsx[2m > 
[22mAdvancedRiskDashboard[2m > [22mBook Selection[2m > 
[22mshould select default book on load
[41m[1m FAIL [22m[49m 
src/components/risk/AdvancedRiskDashboard.test.tsx[2m > 
[22mAdvancedRiskDashboard[2m > [22mVaR Display[2m > [22mshould 
show VaR metrics
[41m[1m FAIL [22m[49m 
src/components/risk/AdvancedRiskDashboard.test.tsx[2m > 
[22mAdvancedRiskDashboard[2m > [22mVaR Display[2m > [22mshould 
display VaR value
[41m[1m FAIL [22m[49m 
src/components/risk/AdvancedRiskDashboard.test.tsx[2m > 
[22mAdvancedRiskDashboard[2m > [22mVaR Display[2m > [22mshould 
show loading state while fetching VaR
[41m[1m FAIL [22m[49m 
src/components/risk/AdvancedRiskDashboard.test.tsx[2m > 
[22mAdvancedRiskDashboard[2m > [22mStress Testing[2m > 
[22mshould show stress test scenarios
[41m[1m FAIL [22m[49m 
src/components/risk/AdvancedRiskDashboard.test.tsx[2m > 
[22mAdvancedRiskDashboard[2m > [22mStress Testing[2m > 
[22mshould display scenario impacts
[41m[1m FAIL [22m[49m 
src/components/risk/AdvancedRiskDashboard.test.tsx[2m > 
[22mAdvancedRiskDashboard[2m > [22mRefresh Functionality[2m > 
[22mshould have refresh button
[41m[1m FAIL [22m[49m 
src/components/risk/AdvancedRiskDashboard.test.tsx[2m > 
[22mAdvancedRiskDashboard[2m > [22mRefresh Functionality[2m > 
[22mshould refetch data when refresh clicked
[41m[1m FAIL [22m[49m 
src/components/risk/AdvancedRiskDashboard.test.tsx[2m > 
[22mAdvancedRiskDashboard[2m > [22mTab Navigation[2m > 
[22mshould show all risk tabs
[41m[1m FAIL [22m[49m 
src/components/risk/AdvancedRiskDashboard.test.tsx[2m > 
[22mAdvancedRiskDashboard[2m > [22mTab Navigation[2m > 
[22mshould switch between tabs
[41m[1m FAIL [22m[49m 
src/components/risk/AdvancedRiskDashboard.test.tsx[2m > 
[22mAdvancedRiskDashboard[2m > [22mEmpty State[2m > [22mshould 
show message when no book selected
[41m[1m FAIL [22m[49m 
src/components/risk/AdvancedRiskDashboard.test.tsx[2m > 
[22mAdvancedRiskDashboard[2m > [22mRisk Metrics Overview[2m > 
[22mshould display key risk metrics
[41m[1m FAIL [22m[49m 
src/components/risk/AdvancedRiskDashboard.test.tsx[2m > 
[22mAdvancedRiskDashboard[2m > [22mRisk Metrics Overview[2m > 
[22mshould show risk metrics in correct format
[31m[1mError[22m: useAICopilot must be used within 
AICopilotProvider[39m
[36m [2mΓ¥»[22m useAICopilot 
src/contexts/AICopilotContext.tsx:[2m29:11[22m[39m
    [90m 27| [39m  [35mconst[39m context [33m=[39m 
[34museContext[39m([33mAICopilotContext[39m)[33m;[39m
    [90m 28| [39m  [35mif[39m ([33m![39mcontext) {
    [90m 29| [39m    throw new Error('useAICopilot must be used 
within AICopilotProvideΓÇª
    [90m   | [39m          [31m^[39m
    [90m 30| [39m  }
    [90m 31| [39m  [35mreturn[39m context[33m;[39m
[90m [2mΓ¥»[22m MainLayout 
src/components/layout/MainLayout.tsx:[2m15:30[22m[39m
[90m [2mΓ¥»[22m renderWithHooks node_modules/react-dom/cjs/react-
dom.development.js:[2m15486:18[22m[39m
[90m [2mΓ¥»[22m mountIndeterminateComponent node_modules/react-do
m/cjs/react-dom.development.js:[2m20103:13[22m[39m
[90m [2mΓ¥»[22m beginWork node_modules/react-dom/cjs/react-dom.de
velopment.js:[2m21626:16[22m[39m
[90m [2mΓ¥»[22m beginWork$1 node_modules/react-dom/cjs/react-dom.
development.js:[2m27465:14[22m[39m
[90m [2mΓ¥»[22m performUnitOfWork node_modules/react-dom/cjs/reac
t-dom.development.js:[2m26599:12[22m[39m
[90m [2mΓ¥»[22m workLoopSync node_modules/react-dom/cjs/react-dom
.development.js:[2m26505:5[22m[39m
[90m [2mΓ¥»[22m renderRootSync node_modules/react-dom/cjs/react-d
om.development.js:[2m26473:7[22m[39m
[90m [2mΓ¥»[22m recoverFromConcurrentError node_modules/react-dom
/cjs/react-dom.development.js:[2m25889:20[22m[39m

[31m[2mΓÄ»ΓÄ»ΓÄ»ΓÄ»ΓÄ»ΓÄ»ΓÄ»ΓÄ»ΓÄ»ΓÄ»ΓÄ»ΓÄ»ΓÄ»ΓÄ»ΓÄ»ΓÄ»ΓÄ»ΓÄ»ΓÄ»ΓÄ
»ΓÄ»ΓÄ»[12/34]ΓÄ»[22m[39m

[41m[1m FAIL [22m[49m 
src/components/trading/TradeTicket.test.tsx[2m > 
[22mTradeTicket[2m > [22mOrder Entry Validation[2m > 
[22mshould render trade ticket with default values
[41m[1m FAIL [22m[49m 
src/components/trading/TradeTicket.test.tsx[2m > 
[22mTradeTicket[2m > [22mOrder Entry Validation[2m > 
[22mshould require book selection before submitting
[41m[1m FAIL [22m[49m 
src/components/trading/TradeTicket.test.tsx[2m > 
[22mTradeTicket[2m > [22mOrder Entry Validation[2m > 
[22mshould require positive size
[41m[1m FAIL [22m[49m 
src/components/trading/TradeTicket.test.tsx[2m > 
[22mTradeTicket[2m > [22mOrder Entry Validation[2m > 
[22mshould require price for limit orders
[41m[1m FAIL [22m[49m 
src/components/trading/TradeTicket.test.tsx[2m > 
[22mTradeTicket[2m > [22mOrder Submission[2m > [22mshould 
submit market order successfully
[41m[1m FAIL [22m[49m 
src/components/trading/TradeTicket.test.tsx[2m > 
[22mTradeTicket[2m > [22mOrder Submission[2m > [22mshould 
submit limit order with price
[41m[1m FAIL [22m[49m 
src/components/trading/TradeTicket.test.tsx[2m > 
[22mTradeTicket[2m > [22mOrder Submission[2m > [22mshould 
handle sell orders
[41m[1m FAIL [22m[49m 
src/components/trading/TradeTicket.test.tsx[2m > 
[22mTradeTicket[2m > [22mRisk Warnings[2m > [22mshould show 
warning when risk exceeds limit
[31m[1mReferenceError[22m: ResizeObserver is not defined[39m
[90m [2mΓ¥»[22m node_modules/@radix-ui/react-use-size/dist/index.
mjs:[2m9:30[22m[39m
[90m [2mΓ¥»[22m commitHookEffectListMount node_modules/react-dom/
cjs/react-dom.development.js:[2m23189:26[22m[39m
[90m [2mΓ¥»[22m commitLayoutEffectOnFiber node_modules/react-dom/
cjs/react-dom.development.js:[2m23312:15[22m[39m
[90m [2mΓ¥»[22m commitLayoutMountEffects_complete node_modules/re
act-dom/cjs/react-dom.development.js:[2m24727:9[22m[39m
[90m [2mΓ¥»[22m commitLayoutEffects_begin node_modules/react-dom/
cjs/react-dom.development.js:[2m24713:7[22m[39m
[90m [2mΓ¥»[22m commitLayoutEffects node_modules/react-dom/cjs/re
act-dom.development.js:[2m24651:3[22m[39m
[90m [2mΓ¥»[22m commitRootImpl node_modules/react-dom/cjs/react-d
om.development.js:[2m26862:5[22m[39m
[90m [2mΓ¥»[22m commitRoot node_modules/react-dom/cjs/react-dom.d
evelopment.js:[2m26721:5[22m[39m
[90m [2mΓ¥»[22m performSyncWorkOnRoot node_modules/react-dom/cjs/
react-dom.development.js:[2m26156:3[22m[39m
[90m [2mΓ¥»[22m flushSyncCallbacks node_modules/react-dom/cjs/rea
ct-dom.development.js:[2m12042:22[22m[39m

[31m[2mΓÄ»ΓÄ»ΓÄ»ΓÄ»ΓÄ»ΓÄ»ΓÄ»ΓÄ»ΓÄ»ΓÄ»ΓÄ»ΓÄ»ΓÄ»ΓÄ»ΓÄ»ΓÄ»ΓÄ»ΓÄ»ΓÄ»ΓÄ
»ΓÄ»ΓÄ»[13/34]ΓÄ»[22m[39m


[2m Test Files [22m [1m[31m5 failed[39m[22m[2m | [22m[1m[32m1 passed[39m[22m[90m (6)[39m
[2m      Tests [22m [1m[31m32 failed[39m[22m[2m | [22m[1m[32m25 passed[39m[22m[90m (57)[39m
[2m   Start at [22m 18:24:14
[2m   Duration [22m 2.38s[2m (transform 559ms, setup 878ms, import 1.46s, tests 343ms, environment 3.29s)[22m

[1m[41m FAIL [49m[22m [31mTests failed. Watching for file changes...[39m
       [2mpress [22m[1mh[22m[2m to show help[22m[2m, [22m[2mpress [22m[1mq[22m[2m to quit[22m
^C
